<cartoonnetwork>
	<response status="SUCCESS"/>
	<game id="18779375" rating="0" difficulty="0" status="0" timeToBeat="0" createDate="12/07/2012">
		<thumbnail>
			http://i.cdn.turner.com/v5cache/CARTOON/gamecreator/images2/Golden/Ethan/Baloney/18779375.jpg
		</thumbnail>
		<title>Rocket Adventure Cosmic</title>
		<creator>Golden Ethan Baloney</creator>
		<levelData>eNrtXUtvGzcQvqd/wtC9EYccvgBFQBOguRVFUKBHYyNvbblryZBkwzm3P7yUlisPXXGDaL3NFOBF2Ad395uPr4/kDPXD3399nDX1Y93M31xczJarP9bb/VE4fqw32+V6NRdv4a2YTbvTfbLpMd1st4jJl1fz3z5guHUVL+yWu6Zuj8PZfbXZdSdtamHsc+r2i1XzUM8/rRd/1rvwwcNZ9/yUvuDU2wScfNtPV4/1avewqb/5heBPvvDDenu3XPS8bTY9Wh4OFy1L9d19U+1i+tniptpUi129uVi+m8Dk4jb8wmQa716vq+ZwwyV3wsvIW2bX1V33us/XRxwB8PuPl9v7alFvb5b3l5JkyLRLd/gCfQRoquebzziTxDSTpy+SzO6q+2PiRd0EQ67eTZar7a5aLWoUQtnJ3jbRmiYnhN9FU223898vbx9W1019KQBCsWsvPie6qu93N3MZsjuUnvaE3Hyagw6Xn+i1L+21L/RataueTw9Zu1lWq918X87j4XPqKU0eEAWrek3UiYmqx8RgYa+J/kwTvwZSWTCegLT/xvi+XoF436yfnnIA9+D38F8i3NSLXULu8m65mv8ILhSb/VF6qwr2HO5UT8md2/ah2fT25TO3h2f2N+gjs2n63dchKuSm1xNSS79SYKEvN80IBRZeocACJCZ+pcDCf10nX8VErw4myuG5iExNlKGfICYOyUWmBdWBbU3UBxPFCQurpvn1JnxjfZdtVxG9H6tdBUDrHMEI52M042E0aAhGeT5GNRJG9Og8gajOhyhGgqjBCk0g4tkQnR0NogPKoj4fIo4G0StJIJrzIcJYEKUwikC0Z0O0bjSIYGlGu/Mh6tEgKiEIRH8+RDkaRJS0f4HzOxjjR8OokRZGOL+DMaN1MGhR00oN5/cwZrQexnrTYjRcxQTaTksYrloCrYlto2ErJaxGQSAylBKhvgBlkaGUQCstrS4MpQRaQE8gMpQSaIVEApGhlEDjBc1ohlICjY0zbIarlECjBM1ojlICjVa01WEqJXQc8xu2UgKEAd/WGZtrvz+tP693lz8v85Op4tsmU7NzqWynUgNNSiOhSReaTtOkwRGaTKHpNE3G0tJkC02naXJR/tpcf15oCjRZEWfzbE5TFJr2NIG3hKZTuqbwFHiSImnDT2mrwlONwkjahg9xBxCepztAGAkANXGAO4AYbdlKOKVblK4o2D6awDtCU1GwGZo6Lx9XFGxfZ+qcIjQVBZuhyUpa6YqCzdCkjSY0FQWboUklla4o2JyCBWcoT0XBnlawFqlwGuJZJixXBQtJSRjgWTaKiXKwiQBKqHbtyBf920eTjLMkvujfHppARd8CX/RvH03daMoX/dtDkzDaEJqK/s3QhJ5WuqJ/M7pOI6Wp6N8cTwqpIij6N6N/nRGUpiH6F1mKw6B/FW1/B+lfriFACtpGQQ2Pj1FMw/KUEtTEIfExmmUuAqDX7dwG8g2Q0cJRjCwDZLQUlmBk6NUaMCopCUaGbq0BIyISjAz9WgNGbWheM3RsDRiNoxgZerYGjC6ucyJX19aA0Sd1hqFvK4AR6AhGhs6tAWMXiIlsvVsDyM4FF9m6t+6drRMie3WX6Nddkqe0NF4mJvbqLiH+h9IyDKijtATFVXdphOjWHzEy1F1aeZ1gZKi7tLJxWSxi5BiZrAwmPHIMTVY6LY8cY5OVcglGjsHJSpqkPHKMTlZh0EcxcgxPVgISHlnGJzuTtuEsA5Rt1K8dSJ5hRf4FlQzjisLoWcaNeZCvrtBdf8h2PkcHDeooRo66Ah0kPHLUFehj/Bawnc/RWsTpHGA7n6M1dLqC7XyO1tInbQ9HXaFReIqRo64IRALFyFFXaKOSes1SV+ijrkDGusIJlxRJnlufHPc01MPCbsCf32uPvNxnj5sa6mFxN3sbR9tVA2yMfwIzbOF1jxJ55gRYTG08d+V1rNL2CpOc4LoZFzs8H5kuoMNx9GmH5yPPshoyxsXttUAUR+A+nowTlKfiCZzhSXcNvCiuwH2O5RgXwkAUX+A+J1enEp6KM3CGJx/3KYg8FW/gjJer8YbyVNyBL3K7RaY8FXfg0yIRbKKfBvkDMxXCBp1ObBziEMx00KZU3DUI8uGfH9dVc/lL/bDbVE3ORPNNJV7mSrzMlnj87iXeG0iYGjL0A6bDW+9SG4cM/RRPL38pbKzVfpgv1t5GwdXG+DcY4Ic5Y/EtqyBQdF5Esgzhe3hSPm7IHnkqQ/gMTzaGhkeeyhA+w5PuGlBZhvB9PCFYylMZwmd4kjHsOfJUhvAZnkQ35JJlCN+7yX7ajpchfEbso0jap0FCmOumjN0WyyAHRyUI4LmWJfzR9QSKEO7jyXQNKBQh3MeTU5ryVIRwhicfozUjT0UIZ9ZojmEBUIRwH08KkvJUhHBmLct1vndQhHDvf3a5pL8rQjgjhGXcUAqG//ezEEyjc7ELjRj+58/i+8/sz6bx7+dn0+vqrp6/mU2b+rFu5v8AmVq/ow==</levelData>
		<relatedgames/>
	</game>
</cartoonnetwork>