<cartoonnetwork>
	<response status="SUCCESS"/>
	<game id="18226972" rating="0" difficulty="0" status="0" timeToBeat="0" createDate="10/21/2012">
		<thumbnail>
			http://i.cdn.turner.com/v5cache/CARTOON/gamecreator/images2/Golden/Scooby/Badger/18226972.jpg
		</thumbnail>
		<title>Attack Shock Vilgax</title>
		<creator>Golden Scooby Badger</creator>
		<levelData>eNrtXU1z2zYQvbd/wuN7Iyy+MSNrpuk0mR46k2kzzVHDyKwtl5I8EuM65/7O/peCImgvUxJyRcpZs8zBIUWQwgOW7y0WWOjbv/6+mGbpXZrNvjk7my7Xv292xZE/vku3u+VmPWOv4BWbTqrTotjkodw0X4Tiy8vZ+x+Ev3QZPsiXeZaWx/7sNtnm1UlZmjHzWLr8xiT7lM6+z/Nk8Yf/wv1Zdf8EP6DpaUY0Pu3X680RD3PNVfttmV0l95GnTScPqP3hvmmmV8kqlJ1+vHq4yT/99dv57jZZpLvr5e2co5abVOWmV5skw7dIXOrx4nRxnWyTRZ5ucWGFC39RYrpKbh/KLtIsO1teXpwv17s8WS9SbpQW7PxseXHu/95cnNtz1BaLLNntZu/ezBkwbxjl6ePly/Q2v55JxoqL5Qm6eD8DXy//H/rsc/nZZ/xZkiePp/sO2C6TdT6DovXLw8fSE1zc18jjiYCTTjmFwAFvRseeHx3vjs4o4GXXwR6dGhY4xjUCp4dkl0YZhnvODKvnvGEicLYNHLzInrMCm6UjY5Y99JzQTnMEDti/0b1O18Beb5Pips121YYSoBnmNl3kteovV8v17DvfM/uD+pXkfra/kNzXLtxUt9x8ectNuOWmdst0Uv/Wp7X1E8RFW4NbC8jYAuvB0DVnDqNrkM4P8yy5S7mHCK0QhX/PJcl3WQihQWGIoh0iRHqxgGiI9qLiTO4h8j1EMSS68jKjGAInyahoH0IjnbMInB6UikprOALnyIDjvYATBoFrUtGXa5fSGdAYXavqvci+84PhGrqY6nnZi0mCICkJherxmnnGVC/yBhYQNVXVE6LkTrGHyIc1duSKI3BiSMKgnATcc6rJNrebxXUa7T7uAQqitildUAdBbOjfj9PCcPfZQYFzWkkErsFp+SlPV/ObT+urLG0DaDsAfEIVpQRUxSbX42vXUTorMX8RciBEH+pqgwMhIg5ExWAQYzC6DoQFzGDNDkQJEeIkva83SY0VuowMyLgD8RI1VjMpOAInhxQT8A4EMwhc3IGAmAMBRG2TMwsIYYPG/rL5uMnnb5b3rdFZNvjorFJaYSt3x3uShqw/AhIhpCn2TtXqODCxNxyTzQGxj7ENcKoxchOG0vIpYg+n8GcOvwnWuZISVVlJgp65kkqjKvIhRTy9R2EEAieHBE45b18IXAePgurAlnOJEY4eRZtH4XAzueMNgeqwxymLSYqiR6G8P8ZxHYEM2fQytnZhvlZ19ijoQgyz7qqzR8FP6FEEv1WT9Sis4wJVkdOromZKWVRFMaQFMt4vANz+R/oF4Pw/opOhXIZVinr0C2J+gQmRBt3VLyC7UMoZjdkwpkosqkrMkYUYFvPpw6rE2LMLbx/enbWmHCUbwoJhFaqiIBMt6kcwGEfgOgiGJTq3zZWWCOEoGC2CYRm28g6CQXSRQ5G7gakG+KCWRlsrSzO3dIlUh4icJUakvSwSghB2t12JVFONyFWLLO1IpFEiDctdbFciBapEKhxHCIEPahm4tSHHxNElUmNwFcWwpjYAOAIXI1IWJ1JF1SO1QQfdSKRRIlXYEBytOa4+TB2kVAhh07TBhyTL3l37b9ms2t1S6bQ+2dwGt2EiznXNuSMaSiogamxpHXLumKa6vs6GxYPAiKUfiB460LogiAGdPm5hVSEakqhoCMZrHTiqRotquHo7OVpTIH3QFXiQGCJR3XDa1mp5fNoa2ZASd2HZa4Xx+Lw1quKoWTX7D0Bs3TnvRTkqK4UnKEeULqgmdwkwBkMclaNNOapdVKCrchiqymFYDSJN5RBa1gy2WTl2yZ/zcmKznVOpRtCErrzx2C4fBUJg8fEGUdLxqiGCMvLhqYbRto5OtlHqz5u79P/MqdaGuXPgXeUViNqCECF1NEAc5bXZFDQLSRvAu8qrpiqvNqx+BE5YXiXYGnk1y+vdJssP6is7YSWdrFVStFbykETCyeZhgFWetRigyBkQDqMbRa5V5MKMVWioDiJHdXWJkNXrKEaRi4qcE7idOogc0UC0AheSBkFQFjkjVK2W8ehje6414TiwNLJG0AeijydR8lNHHwF0wCiHKLGy2pW4dWeIUWL3EmuqgInsKLHWEl13JLTUGOIosS0SC9V8hOwqsVSDZ8BDoh9QS8zvw9DNw7usRtKLkp4OO0iEhupAeoZq8MyE9HUY0/zjpBcSzEF1JT2qW0hZZgLp6ZEW4rRQxWV0V1pQVGnBhU3UYczyjdICr+YedFdaoLq1t+A6RFRM264HbzdJNv9xna6W6a5Ym79rw6n/k0XwNovgrRYhCZBD9QsZpis5SKpb2UNIWYUxozNODpX7aDqSgyWa26sst4EcnpB1B7F1vxaobs39MBYc0+6i1i6qYOjhvDv2/IOlXqy9+gWBAFEft0lRAfFkmxT5V5IF1nlC/hbEKmkc0X4wLGy+FyCa2LYccdbhRKcWtIRaL9roziPsud2Ift6maqrOHXyb4oZqv/6QejoJv6g6nZQ/+DqdlD+r+w+t2i3w</levelData>
		<relatedgames/>
	</game>
</cartoonnetwork>