<cartoonnetwork>
	<response status="SUCCESS"/>
	<game id="18963077" rating="0" difficulty="0" status="0" timeToBeat="0" createDate="12/13/2012">
		<thumbnail>
			http://i.cdn.turner.com/v5cache/CARTOON/gamecreator/images2/Golden/Alex/Apple/18963077.jpg
		</thumbnail>
		<title>Techno Chill Slam</title>
		<creator>Golden Alex Apple</creator>
		<levelData>eNrtXU2P2zYQvbd/YrH3xhx+E1B8SNAEPRQo2gI9GopX3dVCthe2s9gceupf7A+qZFFeMjWpjWnHE5S5xLIo7bwR+d5wOJS///ufv4qmeqya6XdXV0W9/HO16T61nx+r9aZeLafkFbwixWQ47JpN9u2K7dw2r2+mv7+F9tSN/WJbb5uq/9wePZTr7XDQtyaGPLfu/2LZfKymv1fzu+Wq/YO7o+H6iXuDA3cDog7e7e1d3TRfejOixMGb/daUi8i9iskec/tx55jitlzYtsWH2/1F7b3fvJ815fJmMy8fqpnrt8nQrrhdlY17CXdbPZ8s5nflupxvq7XbGLzWnzUpFuXDvvG8apqr+ub1db3cbMvlvDKcG82vr+rX1+T66v71tbh2XDFvys1m+su7svNrf/B88qZ62N5NBWn/FZP+wDn5NIXWse1/znef+u8+PTu0sydiHAMBzDEO6H+t+2P22D72akYASMhISgioI43sviu35fPhrous63K5nXZjxX58bj1xm78EInX93+INQmwRRiEanBC5YVLuINIe4iGE69X8rnuIYYRg2n9nQAjpCAUj0rgID0D8dfVhtZ39vHqsggDJ4bG0ruZbz/J6US+nP3RE0n3wz5RP092J8sk7cT9ccv/5Jff2knvvkmLi/9XTDWijXUfFBzTEejvH2RcYSE5diPEBHYUocULkhjLYQWSjA5qEH2I3oDVShFoS6iCkYYTtI/zqlHUKUtZCCAchiyCMK2vXhc8j/62NwB0beczGqDQSilU4mHYRZuEIsyoxrqMShIOhFQ7BXIgJwiGw0qpWPenwMdKJCQdNmHOcHaEyykEYpaw4wjPSKjDi2CiOp1XAKW6CSeMizLQa5hzqOSqBVilaWpXchZhAqwxrLKdEL45ijHTG4nGDlVYZAQehiMbjX104TvIMhxRCj1AeN+NATMotQkYdhApXNH8S2TFGOAiz7AQ5WXPlOipBdgjWvK72xnOK7GCdvAKDfkDLkOz0vf1d/fQ/7uyCUBtuyxCzZzft5IFIx00qFsQQ+BZnJZwR5iDM8hDmTqFdRx0vD8SglQftkkKKPCBNhTAhaK+AaiyHPrbsh3TeJYAr5SAUmdkPC6C0q/gqC2BMHiTRjpuyPAS50yjiOipBHtBWhRgNLsTj5QGrAgLjooeoQ4vIb6olkDfN6ilMC/BlvV0Hu7tG3N+F5MzxVFxIo+m9c8wk6QmElAqqHIRZSANCym2eV2chjcwklQG3Nylc9WanGC/cgMsIOVQIUScFcEdMSqggkYYKdFjN1cmhAtZoSErWR8ZARxe44gqoNdappDIexMztAT+BjRSsn1T200E/tVNu5voJSJaIw54yYPPOkIu3R5RGMm/spagp1mU7Km2IDcnl22dZh4CTyCm3GNl4vUhcThVWOZVcuhCznAamSpwL108JcyWkvb1LnmgXYlbCkKe0tkVWkKvRx1SC+33qSCVEvEGkxWiz7JBcj462WltxYiMa/gL6iz5GgpX+lE0eW4iZ/oL0x430PJXpL0QNSgrPUwn0p5AGyVQpvzccSX+Yq6oV0xajSKS/s+TVTpEpV2RQapHpL05/YPfMQK5eHqEGbbjnqQT6Q7uqYIjwMCbQH9IkAVdtiNtjlGO7Skh8l7fmaCHaGjyQKdtKOogCK0QhqQsxtq/kAtmsU8TwitmdwRZiFrGgp7QCz1NZxAIEzwj3yC9FxLC+ioURW0cOMlnEsAp1G+H23GBGi8NG9n6irSNXdgOvGX1TCYmnqLHuGyTKht4mL1bElF4TtyMkJOsU0tmqoKAdhFm9gtMTKj1HJaxEc6wzMKqMCzEh/Y71PWJin5wJlYBf7t2TXMAQSoaE9ZLGUftKRQhp4gWNY0ZTxziOy3PC7tEHfO875YyD2+ckLuPIUFIWkt8LGke1fZFNb5zGZdy+fnVnnEFlHLChqiuYW7ikdcYbrgDI3k+sPd8lvMdCon19EnMpKWWjMtbyciPB9jGFsZMxGJYbVHKmBulOasYo8R9BQqYGaTYKNOP2Oeog075flc3sx2W1qKvNT9tqsQkBlV80x6OhOR4NzvH4xed4xlDq+QvZsGTENy9hWALWYcnsPjPQycMSKfXIdg5qqYeEZqHdSJw15WMZwqfP2tO0GXYoEHwTKkHMQGskZy9j2UvFvH6WkL5EuhYhhKDMG0p5nTK06WhflUlypjeeBuXMo5eUVC/W6Jfud2GQ5Fwv0uhXEjNU10JUZu8/Lm+b6iJCK4EL6tpIAzY+3LWuWC0uZKQYdCSY+724kUyRYZsuvGDHNvnay9In2WJmhp2CkOOeaNwzzCEg5cWOiGf2QmiqPW7LcU8o7tlvxoMc98RjAjHEPcm5ZbQbkangnpSlxD1Yf9WFcWHjnheUKnyjFVqMD4XUL6hVGOH4y6fCion9ycxi0v+kZzHpfzb1XyDms30=</levelData>
		<relatedgames/>
	</game>
</cartoonnetwork>