<cartoonnetwork>
	<response status="SUCCESS"/>
	<game id="17422344" rating="0" difficulty="0" status="0" timeToBeat="0" createDate="09/17/2012">
		<thumbnail>
			http://i.cdn.turner.com/v5cache/CARTOON/gamecreator/images2/Golden/Gabriel/Bazooka/17422344.jpg
		</thumbnail>
		<title>Spark Chase Vilgax</title>
		<creator>Golden Gabriel Bazooka</creator>
		<levelData>eNrtXE1z2zYQvbc/oReP7g2x+MYMo0MyaU69tJ3m6GFk1qZKSx6J8SjX/qv+u0IiaC1tCnIMqdlJeLCHJEAIb/dhH7gA+eM///6U1+V9WU9/uLjIq8Vfy/X2yB/fl6t1tVxM2St4xfKsO91Wyx7q5c0sVK+upn+8Fb7oKlxoqqYu22N/dlesmu6krc0s29duf7GoP5XT333Vv/3v7U662zN8/1BjYAYbe3tTrMsvbswNN/ZnVV8Xm0hrefYA2h/OWgOVt3d10YT6+eymWBWzplxdVK8nMLmY+/8wyULp9bKodwW2V+IbQ63k18Vt19zH64d++A6/eX9ZF4ur9ay4Ky+RdfOsq7f7BXwL9li2L9z3E1d2uPKjGvltcfdQd1bWHsfV60m1WDfFYlYqx62ZbKGxHTI3Qdad1cV6Pf1wOf+0uK59x4H5vrcX95WuyrvmZsoZA9/l9gQVbqag/OUNvva5vfYZXyuaYn+6c+yqKhbNFLZebQ/3tTNc3ffIgzqMEIQzTCCIwKMYIYrRkMSopQGHIYoIRDjiRvdCiMc66anmx81+eEWp5vsR6yOcwQ0s2Q1Se4yTXgB5AvFNuQD2bnazLP3fIYhbF22d9Bjjqpw1vb5Xt9Vi+rO3xu6gX1JspruCYtMrmHe3zB/fMg+3zHu35Fn/V09DBpCMGYttdWRURumgqY5K0aPDkVEJ/3fgSWe8d6OQrRt5uhslVTcqjiGmuFFTdaMOsVmku1FQdaPhGGKKGxVRNwLj7VRHpruRk8To3Rg0Vqa7kSZTlXZG7iCqg9OI505YmSXpRaVtIKo6TlQ4QlR2Boj8BES1wDHEFKJykhCVYbJ97NDPImoMIjM0IToepqk6majMUSWqMBhiClEZzXBjgLVeNOlE1USJKqXAEFOIaqgSVXMMMYGoZxmLJ5jdGM31DmKbaNRPEf62/LhsLn+pNgeTB+xbTx5oY4EhK5nRSoNBT2uJrGQTZpGM5kTZKDAIYSyjCCyOEIgKlwSFEHravxyiIAqRO+zEqDYDiwsXzQyScsrieJWkzZqqNtueF1O0megiizK2fdpxO4hqVJ1BK2mhkJXGGcxw0LOMISuZF2ozOOcM0bBuJOaBjUb1w/Fgi5DoXB000wjhkHC1VP91eV9+x1x3Rkhsp4Sk9FkE/hTq50Kuz6WrH9HFTOXCeAY2yl/k0VSCxmYa9W8wJliuBTZTXADj8kA1IWcdYIhJcY/qmqrrdjiw9MBHNLZrCIlVgDHwRQIfZxKbaQx8w4FPhM0kwUwpgU/SnBczphiGmLR+zYhi5Bp6GFNSOkA1uD/yY0pwJypgWtkwq203d8kxag2aSWiLzTRq4HBw18JhM+mEtA7RBQmrwpNugGgS8jpEYwID0YsJcf2KrEicK3d1CoxSiB7GFP06h0aLU+iX6fsxRb+IarS2LEQcMepX5OGEhYXiYKZRv4aDu3Eam0m/8BWdbeCjuWVAc983DHHM2h9SCN0JfeIrAedSwZOk7Z3tYUxRCKqE12HVGuRI+CjhjZU9Q6UQnuoWBga2h/GlhCc8teWui/BqJHz0bSHJnehZKoXxRPclKSZ0D2MK44mOaiHDBn7QI+PjjJcMepZKYbykGuOV7GFMYbwmuqFSdok2k/TZCg/RWpqfrZBScYMxJnFVUOVqeNMRTDpXqW7+leGtFbDP4WoMoqUpQIpJYyb97+M8wfh+WdSX7xblbVWuD0HUX6RA/JAC8YMKJL++Arlu44tNH9VAdVQ72cOYMqoF1S39PMwkXNLXbLajWlFVIAsSY4xz9chCCNG3tBU8wigSFrS+/njMs/C5rzxrv0aWZ+1X5P4DmnE94Q==</levelData>
		<relatedgames/>
	</game>
</cartoonnetwork>