<cartoonnetwork>
	<response status="SUCCESS"/>
	<game id="17404696" rating="0" difficulty="0" status="0" timeToBeat="0" createDate="09/09/2012">
		<thumbnail>
			http://i.cdn.turner.com/v5cache/CARTOON/gamecreator/images2/Golden/Benjamin/Hedgehog/17404696.jpg
		</thumbnail>
		<title>Robot Hyper Mission</title>
		<creator>Golden Benjamin Hedgehog</creator>
		<levelData>eNrtXU1v20YQvbd/wvC90cx+zO4CjA4JirSHAEVRoEeBkVlbBk0ZkmLY5177o0uaS3s2EWlHa6UD1BebFJfUe7M7b/ZrqB///ueuqKubqp7/cHJSrJq/1tvuqD2+qTbb1bqZwxt8A8VsOO2KzR7KFbtlLL46m//xXreXzuIHu9Wurvrj9uy63OyGk740kH0s3X9jWX+u5r+vP6137ffdnwy3z/j9+x5mYO/Dfrm7rjbf/DC7/2EfV9vOBBOPK2YPrNvDe9MU5+VVLFt8On+4qX38uw+LumzOtsvyulogs9xsKFecr8ua38LtO3u8WCwvyk253FUbXtjzwl+UKK7K64eyy6quT1Znb09XzXZXNssKg1PB0enJ6u0pnJ5cdn+ZNZZ1ud3O/yzr+reLstmtr1pz9Z89ljmrrncXc2NCCMWsP2EXb+fYVn77j312139292jXDtckSE0eGUg8HCQdEaRRioFUh4PUxwLpKZjALan3gFxcfm7O62oBCKMoFQCYA1F2n5W78vH03u82q9Yuc+x8rj98LD3jxZ/m6JR1SWtRkyRxiiQ6uSR94CSnahKnaxKP6LnKG3MPE8XKi3cAWjOQTzgFTjmFEttenAbG8SmnmCKJJJekTUg+4RT4vT1f5ZNsXYpML29KrktZsEozkHta27uqQXhfNs26+bSud2M4O+3q1OtLoJtquUtsvLpaNfOfuu5Vd5BeKW/n9xfK2+TC5XDL5Ze3XMZbLpNbiln6rS8nQM46Zq0cAcIjNFv9Ir7piRjHLAGS2/Xw3nCSOQJEYgXIxHCpBcd01MowkJMuBdMuBVJbmwbkFZHlUlouSY2cZI5L2SOQhBdwKbIq9K3VyB2FkwXFQYochZMhGxhIiaPwYI1xjoHUh4OE4ymoRku8unPUReywSKNLSOaoixarLgS9T1jB6hI8AAMpVF2MUwykUHUhaxlIoeoy9M9svrrI7aBpw5tLlrooseriYgeNJKsLGc9AClUXFQIDKVRdfFLdQtXFxAkVylYXCDLH4R1Jl5DMURcQOtlA1rs+TjjJ6mKVYyCFqgt6zUDKVBcL2jOQQtWFAHl156iLkxnWO5IqIZmhLkeRUHwJdWkrsh90eMnqouOkspesLqA5SKHqomIv0ItVlwBAnrdJ3FPf91unFh/XN9Xoshn8D5bNtIszVD5fh0msDjuXkMzRYalr2kRoe8cMknVYacVAytRh7ckykEJ12ACvbqE6DIZb8lWHxyUqKOCWytFhsUv7OpiEZI4Ok9S5PFKxq4kgWYghJCiFKnEb1ThKoVJMcdkFQe6IO7S+l6B8FeNRnTJgdGKqHDUWuyvEAKUsc+TYSJ2e8ER9PwlRsBx7H5ctIkqRcmytD4kthcqxi3P6iHK7xsZ4oKTG4VWO9wuV1yp14X2Ri+1EnMxGkbsT0SiwCUs1Kcf43bcwq5dhqVKWOUFH7G4hr2OKGCrJQUcNiUVKcNAhNfRbleCgQwYtRykz6JC3CcrwGnPGYg7ppNXtC8989/tojWLrwmIzII32KmGZM9CRG1kNpCxzYg6KnXeywxBCC445ro0VHKXQmBO04yiFxhwi4Chlxpy2+645Sv8ac8ZijveJpUJGyDFS12KNjetWmJlx1bEMYkOOVSnLnJADYrf+uJiPipJzrpyPKX4oOOnKOiDFUcoMOZ504Chlhpzg4r67iNK9hpyRkGNUSCzlM0IOihVjSklmhRy5YzmHKctDQ86xAuvLjHKCjSwlJ+K5h0UnKznkGJ3YUmbIcRTf0oRyc/GCIx3fXBZR0tcof91VV4u6vCnHIPqMvt4ztN4aSiC6w7Xee7HrC15R4nk5Wk9yWZqUZY7WO6nDCwfDeFhyWmTbvUhQCt1JpQe/kJwYGVTMskcSrPXWqwSllaf1AYZZFhoLR8/Weit2KinEvEakfK03YrU+hJRljtYLfe1g238CG1W0z5Uz0nwqgMZhgOXG3P7ZPiX2ZS4WISGZ5VNaLkuVsszxKanb7btVrLjaP5qr92Fd1oufm+pqVW3HONI3zYOpsXkwNToPZsbmwdR3mwdrXZK4qcyBL3Vu24MLUuOlVcMY1ef7ttjZPqtiHhz6fN/WQnsFbTQa1tHD0w0WJkk6L7fBxnwhfE5WFEw3WJD6VlernE9YTjbY6boM//32lGIWfy+hmPU/51DM+h/N+BfDq6UP</levelData>
		<relatedgames/>
	</game>
</cartoonnetwork>