<cartoonnetwork>
	<response status="SUCCESS"/>
	<game id="16871294" rating="0" difficulty="0" status="0" timeToBeat="0" createDate="04/01/2012">
		<thumbnail>
			http://i.cdn.turner.com/v5cache/CARTOON/gamecreator/images2/Golden/Levi/Twilight/16871294.jpg
		</thumbnail>
		<title>Ultimate Force Attack</title>
		<creator>Golden Levi Twilight</creator>
		<levelData>eNrtnM2O2zYQgO/tMxRY+N6Iw38CWgNN0QQt0EvRokdDkdVdufIPbNXIXvscfdhSFr0eZS15QyXtbOtcVjIper7hzHA4Yvzln399lVbFvqimX9zcpOXqt/WuufLX+2K7K9erKXsFr1iaHG+bbsljv7TOQ/dyPv35W+Wb5uGDuqyror32d5tsWx9v2t7MyVPv9huz6o9i+ktVl8usLvxXHu6PIyR4iHPjCTg73pv1Nv/4wZg5O9g3dZ3lvw+MliaP3P4yb3VULDeVJwo98vtsm+V1sb0pbydscrO4nQBMktB6t86qpgFUp8UPhkZJ77Llcbh3d49yeIFfv53tNlle7O7LzYyh6UiO/Q7fgB+RuNep8SQn7ixw5w96pMts89g3LyrPMb+dlKtdna3yQnClYNJhRurNq2y3m74uVsB+KOpt9uBHP3x06jIvNvX9FID5f2nS3p1at0WO5rARdlmupl83NtFcdFuy99NDg/+LGxbHRxYfPrIIjyw6j6RJ91vTue/kfWCO+8wf2s8eTubS6KZfUdJaK7Gi+FNF/Trbl1VVzJhXR5+mOGNgnirqWTI2n2V11tHBPtuW2aqeNsEgXCJN4O6XCEEIaxVGFP2IzYQPITqSiFI5hQn1U8DvvUfPqmyf9dHZ85b+aYxMaGaQfKZHvs29V8J6+S+JqO1BRDiIaAmK6KTVSMRBV/W+OmTH+jPYMYy3YyedwYRDnuopXl4wksIwfiDkdM2MC41EBPZUxp/W79b17Mf1vuhdOdl/fuU0HPBUnksxrnryegJuJNKTHkowBldfpqj6dHAYQdanrQWFRLz6dJ9PayGxnq4+fVZP3HJmOFLUsFMPLdRMUnVqww6Akq5TM6GQiFdj7TdWwHM5ZKzDWSXjNPNmYVkbthRVY+WWaTBIRhGXBoBzjmZqrxT4/coJcEwlhVEl5NjMxhRSONGob0VbBdBkHYk5I7GMIm7pbRyJZhXAm5nTCPCCIw3Ga0eUkId6mH6OI8HLCxVSOGhDhaHsSAzLKOLSgsaRFE0zY5o5BDiiYMiIrrlMc4YJ4wuGzFF1pBDtLVVHEkxJa5CMLr7CAzQdCZR0CLB/p/WmfP8/rp4IZ9uigKO7DQHFLZLRxRcuGFFbtQxPwtVWz9uqPO5lgFE2VqmwkC4+13dEF3BhDCa8muv5QwwASrXVBYDL2z4Yqp9YS9IUNDtuigKhHNoUDRI6mqHZZ+OhDhkIVTwhJ0potcSEOp5QECUU3GFCE08oiRIa15lDG0+oiRLqkKcGQhdXfiFciwYWstxAeF1W+5ZVGwoIwJ+xrA6ZgjVUFx3tMOHwsgovMnGQGhOqaEKyiQNXBhPqeEKgOodOYUITTyiIEgotMKGNJ5RECSUDTDhiWdVEd6sGOrH0uqz2vVqxKuQf4vK7leFFh+ahPw0snBQLhEPLKnuRiQMw2yFU8YSWKCHwjpVqWonDp7BSCMf0AqGJnkOqiQNw0JjQxhMKqoSaYUIX946TbuKggDvAhNdlteckvVMhIssxp27pbuWUJ3SYMPYQ3ecqzYxfdAw3XHcQI0/R0X2p4+1Uh+2qGmmnhmbmILQ+vj1UvRHr7TqrZt+timVZ7JpXibs+Tv1RgYv3BS7eG7hkX+Di/0zgUmCt7aiLR5fZiOYh3q1Fx+Zjz/TRjVyyOW7YIuox5+gbtyZ68hT0MV3Wo07M0d0ReDsN58lAjzoyR7dKYwSXITibMefR6KZJnjD85ySwI8+FEC0+GCEgxJrL57SGrZRAASlNwo+VpEn7Wypp0v4Mzt9a+oQe</levelData>
		<relatedgames/>
	</game>
</cartoonnetwork>