<cartoonnetwork>
	<response status="SUCCESS"/>
	<game id="18350967" rating="0" difficulty="0" status="0" timeToBeat="0" createDate="11/02/2012">
		<thumbnail>
			http://i.cdn.turner.com/v5cache/CARTOON/gamecreator/images2/Golden/Hunter/Magma/18350967.jpg
		</thumbnail>
		<title>Star Space Fire</title>
		<creator>Golden Hunter Magma</creator>
		<levelData>eNrtnc1uI7kRx++blzDmnhWLn0VAq8ME2UEOQYIkQI5Gj9zxyJEtQ9I63hfIK+Z10rLIcXFW1d5VSzOlBucw0EdLrqouFv8/kiJ/99//uemyfWqXs++urqaLh3+tNrtH3eOndr1ZrB5m6nv4Xk0n+enussnn66bbebp8cTP7xx9M99ZNemG72C7b/ePu2WOz3uYn+6sVkqv3f7FZ/tTO/r5t1t2fe3mcPz2hHz/0XSEe/q7HZt7+5i8z6uCX/bhY933XdPLZ4+7hS1imt819unb68fbzh7rvfv/het5susuvgYRski+a3q6aJb3e0qte35zOPzXrZr5t1/Ri0PTqLy6Z3jePny+et8vl1eLmh3eLh822eZi3MRir4d3V4od36t3V3e5/Eof5stlsZn/atvfXdz893C67cOxfer3kpn3cfpqh6v5NJ/sn5M3nGbju5Wf62s/7135+jenOqj4TVfCKmAi/NPGvP14r2Flw2Dw7wLzda822eX36kh/rRfOwncEuPfYPX6+e0Mvfds6iCcQ5LTH+JhpiohETfz08/gBGF8l1ILvetw+gPqybp2a7beb/5rwEOOzmup1vC/MX94uH2e93hWD3oHyneZ69vNE8F2/cvXyk8/fuy4/cpY/cFR+ZTsq/eqJU0DaCpdE6kK7/vF6v5p/aLiGATQitFIQzJIQanhCdi9pRFw3vIvTk/M7FKLTmGBv2dxHk1nwER0xkaz5cZM0PiMQ5kTVfRyAmmjHFv2viRf6/UcWgr4l7md1a5yIW7ae/isE5CvWvqENO6Rcjtdw6FMEQE8dWhwyNv8g6BCESE8dUh6CjWAdIs+tAC/jLx7tOyV1vVsvFzfvVM+dmPLf2hG+uPaOzgQYLarD4YDkVaNMe0sVZob24U9FSFwd0cf6MXZzZG2nEdnFdbAwxcWRdnEfqnMguTiFNkZF1cWh9oNlVuzg+FYwORtFg1S6ut/4XTXtIF2eEUpwD5aiLA7o4d8Yuzu9FrJXbxXWFiJg4ti7OKuKcwC7Ox5gozgrr4szw+HcIhzT/7S+d+9vq42p7/efVExv+l6mDcddrpzVqEidX48TEyQONk69xYuLU1XUSp1DjdDBO1iLS4os1TofjBN7TdhdrnA7HSZkkSi1LdDVQO5ozthBmh2iuBmqPOZFW8iEkp6WSnE6DbHYwyZkzklwaUXWCSS5qYuLYSC5VVieX5DDQFBnVugAHHaMQ5yrJMXFCKPK0khwXJxcDiVMlOSZOxvhI4lRJjlHeTlskcaokx5FcGadKchzJheipmKokx5FcXrDpKsm9gTmqkOcDSE7q4tFOI1IFPITk9PlIzps9bnq5JGdSqvgxkpxzkTgnkuRCQGKiHJLTpyA5wECcqyTHxCl0/0icKslxJBeBxqmSHEdyHmlRryTHkVzZP1SSY+KkQdNOqpIcAygREaiYqiTHBMqqSBteJTkWcwxQghhAcipKnZMzieT8YJJTZyQ53E8iB7kkZxUQE+WQnDoJySXlF+SSnA+GmDiuOTmF1hLnKslxJNdpShKnSnJMnKI2NJ8qyXEkF9PcQKgk10tyiLT4VpLjSM4amk+V5DiSc5bqvUpyLMnZtFgnVJLrx5wv5PkAkgtS5+QsFLlwPMkdDau/guQC7CsgCia5SE2EMc0JBWsTSaNcknPpd4o4RpLLu/1gJblekoO0AR1WkuslOYe0sVSSY+JkjabtrpIcQyheF3GqJMeRXEjbwWIluV6Sg7SqGSvJ9ZNcsEWgKsmxmIO0Qg0hOS+W5IriMoTkzrhvZUg7nkS5JOfTRs1xlCSX9q2McknOJNiMwkhOnYLkwFPnKskxcfJ5iW2sJNdLch30kjhVkuNIzhtH4lRJjiM5Z2g+VZJj4mS0ovWpkhwDKIgAVExVkmMC5VQoAlVJjsOcPHYZB5Oclbq60kVaXIaQ3Bm3Zw7pF/og9/grCOmELlCjZLk0KwRKLszptH0lqPHNy9mIaUVc8q7iHIdzNhQNsfIc016USWuYUqAq0HFAF10RqEp0HNFhcDRQFek4pHOuEDSV6Tims+gLVVWhjoM6600RqUp1HPLk4xtADcY6I/R4TBdsSSMDuM6ej+sw7X8Cco+4BNSe2ghj2hU/2LynG4BcroOgqI2jmqWz0aYxpuRd5TqO61Q+DhQq1/UFyoV0XGEKVOU6LlAai4yqXMfUqKB1UYEr1zEiPHhbFPPKdRzXKV8EqnIdy3Vf6s/KdRzzoC/6vSFcB1Kn6zAUen0I153xhALMozZyjwyHvFcc6FFyXVqDBFou1ylvqY0j4zoVi/yqXMcECkNa3pQCVbmOC5TJI7y6cl1voFRaCJYCVbmO4zoXin66ch3HdfkolRSoynVMoHwwRdOrXMdGSudRbV25rp95Yih0Yi/XqX6uE3tcQcSiwPRynVJfnV1Psdu+iXm2z4ilwi5+jto4slWcGgvvJFIhxqiojQwVqotcxYlgoMwvONTON81/diNUim3lMUapmzz5mE6nzB5qzkN4w8Mo1MOg0jZW2UPDe6hYD43k3XRVXmts5VZqgEhtHFWl9gHTiR/JOyuwUpsIRZY47g6oC6zU3tkyv7zAO9AxhKc2BoE26uA0tRFHlSU+7/sO7HH03/4OaF1WSiXmFuhTSCqbJbt9W1JBn+DwYgVHLJKsV1LB1xaNp1iuGiDPAdi3JRVcoGgMIWBqhHJPbe+qmaM2juqwPx+iA+qdTEmVh7pcv6S6SFHrrCvagEhJBbHIEpGSCq2hNqKYIZJTZIkPpmgDIiUVmCJLeEl1maNUVhcJdrykslIFh8bSw6MllZfqoQmlh0dLqiBVUqFPjVDu8ckdHjpq46hO3eokVW5FXqyksspraqMblah1+dwz8GIllY62sDGMafghROuK/EKJojb4ogpJlFQQ0y6M4KVJqtOMUtmiszpeUhmxgkOVHh4tqazUcTgTSw+PllRerKTKI41BsKTKdyGMb+IP0KVjRYA9JvTDqlle//GhvV+0m93d2HB++t+0Nkxza8M0uzbMfvM9jFBl/RPkKlDI67bDKBWoK+6ARAVqlCruQBjVqq6I1lPvZCrQWGSJTAXqyo5lbAo0j76HgQoUxOozKD08WoEaqR5aVXp4tAIVOjAbQsybV8g9f9HH/CNcHOE8Kap0bASgXEml8x6fKExSnWJY1XlVtAGRkgqguANhTMu0vdHOUu9wTEOW3qMrWrhIMYZ5ChKliTF1CjEWYtHEjxdjSqwYS6d7AA4UYyB1wLPrhQoPjxZjRqwYy6tb5R6hFlT+TVPvGWrqMqUAdl0M9U6kGDN5Fjj2ibELlQLO51UGUawYe/31aBS7aM3oMktGtmgN8y6eUa6k8lnUxl5JpS50fAvBF+7xkkr1Cg5EsTOsruzqeEmlvr5oPI2ksqWHvKRSSrhonE7um8fdw+nktrlvZ99NJ8v2qV3O/g9PPE0T</levelData>
		<relatedgames/>
	</game>
</cartoonnetwork>