<cartoonnetwork>
	<response status="SUCCESS"/>
	<game id="18613847" rating="0" difficulty="0" status="0" timeToBeat="0" createDate="11/26/2012">
		<thumbnail>
			http://i.cdn.turner.com/v5cache/CARTOON/gamecreator/images2/Golden/Rachel/Baboon/18613847.jpg
		</thumbnail>
		<title>Fury Assault Crusher</title>
		<creator>Golden Rachel Baboon</creator>
		<levelData>eNrtXdtuG0cSfc/+hKD3Dav63gBNYB2s87RAsFggj8JEntgUqAtIWrB/YH83v5AZTY9UHUy1FA7jtOjyi3kZkjpnqqvqdFV3/+P/vy2Wm/a+3ay+Oztbrm9+vd31j7rH9+12t769WcH3+D0sF+PT/rLF43XL/WW6fP1+9b8fdPfW+/TCfr3ftMPj7tlds92PT4arQaunq4dfbDaf2tW7T9sv3c89PB4/vaAfn/ousJPf9a/drvm02f/pr1Mw+XU/bD/tPrbbwtctF4+wu4cP3Cw/NNfp2uUvHx4/1H392x8vdnfNZbv7uL67IL+4XIzXLT/cNhv6EUrw4unN5eXHZttc7tstvRizq/9wyfK6uXu8+LLdbM7W79+cr292++bmstVRGxXPz9ZvzuH87OrNOZ4TNi43zW63+undBSB0f/fw9Ont9+3d/uPKAPRvDk/Im59X2N2s7j/y2pfhtS/0tWbfPD19uAXbdXOzX2FP//Dw6eoFvbz7izo8JXAWFRJwahocvFZwVhNw+rTAKVAEnDkxcNYScPbEwAV651w14OAY4DQ6As5XA04dBZyhDiWcllnqQMHF0wJnFDVLhNOySxOyFAVPCJ3y3mkaDHAiSfn54n692bRdGoYsRAWAvkqv2UM0mXlqHiIWMs0eYqw0MGhvzANELKfR+LVNVM8G5wwapQm4wy20h1+hA+0ROkcQlgwUyghVrQit8gShORyhqXII9gijJQjt4QhtrffQaSAI3eEIfa0IA1Ar9YcjDLUi9J7ew3AwQoRax6FPM0rIZdovRYjVIgSkwR5KEMv5jK4zZXM+mkAhTiQ0b9sbhLfNZvNz23ZgOZR9RjeV2Wzby33256+v1zerf3b3/OFB/k7zefXwRvM5e+Nq/MjVHz9ylT5ylX1kuch/9WVcvyTBzULPMzk8lgzC1ZrDe0v91jM5PH5tmXIMFd3F12HmSlWWwx/FZ0VnCbiihRZvX6UIewsFR2/fjEFoqoXokEKcMQjr9DPeGR8DgTiRH/339pfb/cW79Wc24sCpRxwddYyDO9YlXwVf31cdI0dWKs3V6hfMN7AIMXb/KvXGSntPEOqDE8hKvbF3SgM1UMON4//c3rff7kA2uvPogfBkhadpe8IYHOHJCU/MuOvSWMKTF56medLWKsJTFJ4YnoKlkWpqrkOIekhcR/Wo2RkTIWoQMZhZ1AydpqtMYHuIPrOFGTqtzlpE5xeUoXcxiLUzmX6MQzw2nFB7NPbCbHivZVytWsamnijznFrDgh7tEYYqEXY5ukZNEEruyYXAmOaITTn3/KbnbvrooAJ1CTMCoKp2ojLQETMnAFZaIYtg7OD27ANEEGOfpkmDITSh0DRNE6ak2HJBVGhqvY0hLQuw3LypROI+EnepJDUnmX3leDIps7My+1rkyadZaisZcFEpAFCeZPaVzQ91pFnBjBS43naEmCU+M1LgOnuKu6TF+eEuOkmBC04hemsITTIxPG1OIcbU3uwkBy7R5C0SmrTQNE2TjdQ5GaFpuq7uUl+gkwy4yBOk9TNOMuBiBhzTWjEnGXDJPQWbpg/dM3X1bzt5MiECtScpq7N6I6aGFjdXUkGstKweIMt85kgqqLTU6Hxm7lJW56RncANPXqRnwXsC2EhoUmJO09mdNan84kVTlWYyjKHmJGUFTnsaQ83JijlNayptFKFJNBUz7IJKDSNeNFUxedLREZ6kp5vJCqLKop1oKl5TZVnmHE3lq9VUjvrgGZoKYq2aClILrhdNVdJU3e0dpoKDaKqC9/QxeEKTdLQxNAVNrUmqeYxC184QmqSjjTMnSFsfBCnnlRQ6GmpOUs7jFLpygfDkxJymacK0tifIio5SMS8gEJqi0DTtw1Xqtg1S8yzqc6sU5Un0OavPPY12c/R5rfuuBfDZmJmhzyudggghZimwbPnEyHP0QwYcRZ6XaNJp+9Eo8pyPMRZ86j+KUhkuCSo1ZsBR9HmRJ6Ood5LSMDPucJzHiCLQS/ZkfaDjTmrDXG3Yak14ktowN+5clj1JbZjT6Np5mj5Jmslo9KAynkSjsxo9WErUDI1uqtXowVCIMzR6ndMQnfvUjoZjqaFz6tOO2+SDyM/Sso5xt0QEKQ+XGpNVWp6HIJ3JBXtyESLlSerDjEz36aRIBNGfJaI0aKREiQDlBGjQgRIlCpRTVhYzFyXSiiGq3zEjI0q0FautYubN54grXa24ilkGNEddmUoPy7A2ZsFGSqCMatCYTtlFUQ0FtW6MtZQnqVpxVYZOiFKipGzFpcNaO0qU6AbOlWNawI8onaUFV26Vyly5tJYyPGmfDTxJDRiebFojiyg9uCVxBVFRnuRAH7bkEdMZfYgiQ5+RaJAzNUOGYq3rZBEyPzxHhtZ5bFEnGzBt74FKdiotOVGNafUQKumeLOorHLMXJUK0ZFFq3M8qESVClBOiLp1vmYgSIcpZlLWZj5ICFkeUyqOeFLAYojDqzEdJExCXHnifDT1pNuVEuwuQJZxSEmWIClplRElfGSdFMRt6c6QoVCtF0/ZdI8YZUhQr7TfV4+4xqMurHb/1fNiEtK4hESVSlCPKpg7mRJRIUY4o5TKLEinKSdFoMosSKcrlwybtYZCIEinKKSw3FrG0SNFiL6XLo55URZmGKZMHPamKMvoqphVciSfRV6y+SrtrjEQdqK8wdv9q7TjF3AvP0Vd1njPSZS42bb2OhtNXP727GABMozN/ETp1DPVo06YdCZ0UMhmiwGhPiRL1yBGFOhsvoh65FBbAUqJEPTJEgYuZRYl65CxKj+umjKjHYtRTkEU9UY/TyY/2GEKWHsjsMmNSSoXMSUkPJC+MDGRMzRBGvlphpDNPfKgwqlf8dRYfASlGaXLgpkzGg2P6Q0NkxwWWJ+etpzzJYXAMT4/Nx1amKksOyobMniR5YcOVjjpjakZIrnZ7cGNChnFGSK5zf3BjTBynFJzsgVTyoC7nSZaeMjx1UpnyJEtPGZ70mAo7KbIWfTAYytOcOFPtFpcmHSQ+YpwRZyqNpUGpcRkje7z1023kC2MdxIDV3sZ0xCP62aaqa22PNR4yjDNMtdbhqB5X3LLHBv5422wu/n3TXq/bHQfR/SnnrDjnrFjnbP72o7kUjsugwrODGorG4OucstLajkdIInuYXV/Lx69fy8ejoEOk6PxpoVPKUnTxxNABUHQI1cA7TjQdN1MNs6NpvRlDyIbfnGiqa3WgyiqKMZyQlWrtHtvU2aN5Xm2rV3fvzLgoNZaCXyG0V+1A7Si7Yin4vVZ0Ib93sRp0R/EqcVyKGIvB77XevPE4QuRPQHm1fqWPe2Nn5AvOLYFybK92IakZW9BecHBJWRxVmr90ZurHrVBjKbZX72OWi+vmrn+4XHxortvVd8vFpr1vN6vfARdSZWc=</levelData>
		<relatedgames/>
	</game>
</cartoonnetwork>