<cartoonnetwork>
	<response status="SUCCESS"/>
	<game id="18468837" rating="0" difficulty="0" status="0" timeToBeat="0" createDate="11/12/2012">
		<thumbnail>
			http://i.cdn.turner.com/v5cache/CARTOON/gamecreator/images2/Golden/Victor/Zip/18468837.jpg
		</thumbnail>
		<title>Rustbucket Nitro Vilgax</title>
		<creator>Golden Victor Zip</creator>
		<levelData>eNrlnM1u4zYQgO/tSwQGeuyaw38CXh9SdBc9tF0sFu3RUBw1kSvbga2kybUPXpSKqHi0K8lZ0YYn2VwiS7Q8HzkcDoccfv/vfz9M8vQuzaffnZ1NstVf62155a/v0s02W6+m7A28YZNx/bEsNn4qNynmoXh2Of30k/CPLsONIivytLr2n26STVF/qEozw3alq19M8tt0+vF2W1zczv9OC/+jj3fqd4zxS9reqHjrG3/Lis36q1/mTOvL/sjyq+S+522T8RO5v5xXtZQub/KkCOUn8+tkk8yLdHOWvR2x0dni7QhgNA5Pr9ZJXj4A1XjiX4beMrlKlvXrLq6e5PACn7+fzZOtl2CG6ncyrgs9vh6Xl7jU7uFOSFxY4cKflZgsk5unsvM09xCXb0fZalskq3lqQGs+2gGzEaraeZ5st9M/Z9vknxkD5gWv7uxKXKY3xfVUMFY+rD6gh/dT8JL5f+jeQ3XvAd9LimT38bFJN1myKqalfofLXekxLu4l8kTdeFJxDqNGe37Bd56ugJ1vkvI7682yCxKgnXKTzouG9NkyW01/BN8k5UXzSeKrpHyQ3DceLOqvLD7/yiJ8ZdH4ymTc/NXnVfXeyrLWSlxZvE0Z7rK8VGJfHV01xRkDQ1IdQAhrFUYU3YjQo/EloiOJ6Du0Y4+EsLdDQyee8380O7STViO8Xh31StrXgPoIhHAIQmcwYZ+KMgYvrxcaMKqyMzxORS1NI6O0MZivpQF/8U7DLE/uki48GzGk7hdQWTBIQPmlgB/ezSoJ2sWTRxrx47sPgJKN2ldt2uWrPuW9hKVPI2maQOANQN03SvcOYUzRtA9CKayebU7bYwda3K6u8vQUXcgwpxwWkZPpQvwA9tnyyoUQcfZZk1QvPyMAB4ivxUL8frHwDvbsYn3fxede+2yAeyUwHFVTv53p80OIGlKv57ayMzJOzxVVP8Qahvg4OT9E8+DMyy5H6cUaUQBjrUNwsqP251nxcJLaB2tAIgEVMQFLAwRYfyMMECfq6BjBESBFRweYslhE/ormCgacrOyPihsABE1HxzId5nmqy74+Z6YAnpBoPK+MJHBESM2GaWWZQPJFmDAg2QJKAWDAmJgxo0rIJSaMCBkTHYa8aJWnouPMIE08zpyRFvGJYZ0QjjSjjR/HvJURGgH2WZn+iDHRZTxgTgNHhMDIuCEHsTAON98eG9rbfo6kgirFmcGE/TYUXt4oYZ6CJSbOhjKyNpRJxCeGmRg4UrTkACrKdBgETezCIqPpLHvCENY1sQuLjOjaN4cwn7ZRndA6orMdp4VEfG0qmuT5h2v/I+tl90goh89Y98rIlTUCyaioBR25cApXon5NKzfCCoXYLLl4kmBKhqB7JaIbvnoJNBeguQOHFawzqne6LmBFGOtsT1DPW5Iu6dQxI44cXKXDLs6IE938ol2oe9fbRU+lHFozYZB8bnjEiugGEa/9FhAhMe3nYT8usDj110QXJaUzgAFf1eYj7icRDTpNrHsbo7TEApo2/dqs59dpbxsA3e0d1uuYwohueLzPUTVhUhuMSMyGCRE6QdweZCuJzsNAKYEBxbBFD69hluYeVs3qgF0glH0Bu15CR9NUl4aaYUI1nJATJbS1qYd9ywL7CAVRQsEdJjTDCSVRQuMabWiHExJdu2Lackzohi0NEN6kwJnmDcS2iMAzA3daHy8ooJqdiZpPEdbIIC5pxAqqPkW96Rr4M3yKvn5wlMjHQUZc7TBhv08BL9Jrkg0lVYMJyXpNPKRmAH+GT9FLCFTbMIQfA6EZTiiIEgotMKEdTiiJEkoGmDDCpyAaRvOjtWt0RGKjtXTVjiuISyGyQHU7hFUNQDFst0A5ltHMHtHAwlpzIOwbrdmL9EeA2QahGk5oiRJ6O4EJNS1/5BBaCmHbVSA0g9uQqj8CHDQmtMMJBVVCzTChG7Yvia4/AtwwJzBiWwTgZKO1NxK6npkJis6EZkE/4vI0DdFda9bWoY3OTMGP64t1Mft1fde5aefxdKLXfTwR1Bu3ICofkG78QEF9qgDIqGyaYwVDD5Byx313biAOTKcBskcUecB6cTYurdBYouePuCbf8H5oLNUjmCwbNQ/7+wLx/TrJZz+v0mWWbsstHdsuTv1Vhpl3GWbeaZjliQ2zAmtto7r44Ng1US/cmy3R0PmhGSykLXPYPA9xaYCGZshMlslDmE8PTmExNJdSFWjTaMGhOSx05/teSUMqJ+ioJBa6oV3DbdggDHGpZIZoYNHokKwa+GzXdOdddv/tzna8MZYSV5MbfHgD0dmOcU+bGG2/Inzb816vCeEYJ7CR+1ktVdfD1nuA4hL3jCB6zo+A4HrsT6roH7SIrhYZ7ur1sH1ZO6y/BU9/hsRkHE5Mn4yr09wn4+oo/v8B/zWFkw==</levelData>
		<relatedgames/>
	</game>
</cartoonnetwork>