<cartoonnetwork>
	<response status="SUCCESS"/>
	<game id="18429362" rating="0" difficulty="0" status="0" timeToBeat="0" createDate="11/09/2012">
		<thumbnail>
			http://i.cdn.turner.com/v5cache/CARTOON/gamecreator/images2/Golden/Reginald/Buzzard/18429362.jpg
		</thumbnail>
		<title>Light Turbo Charge</title>
		<creator>Golden Reginald Buzzard</creator>
		<levelData>eNrtnc1uGzcQx+/pSxi+N+Lwm4CiQ4Iil/ZSBMjRWEtbW4YsGbJiNL33NfqsXVmkPEyWY4dOULoYX7zSUivNb0nOn+Rw9qe//zmbrvq7fjV7dXIyXa7/2Nzuj4bju357u9ysZ+I1vBbTSXq5LzY5lpvu5rH4cjH78E4Npxbxjd1yt+oPx8Orm267Sy8OpYU2D6UP39itPvWzX5cXl7vh++5fpI9P8OfHLhbU6MU+fNqeb775YmBHL/bustte9MTVppOj0cPh/ACov75ZdbtYfjofrtHNd/32ZPnmVJyeXL05BTidxLMXm261PwEmOzNcDF1letFdp8udXxx/x/CD374/W3V33ZlEt2GSitxfHJfGN2vycPLhJ+LCFhf+osT0urs5lp33q8GExZvT5fp2163nvQdttDzN7EVo56vu9nb2tl+D+DgYuL3s/uq2i+E77t9/KLfob3aXMwAx/E0nh1cPZ7f9HN3E/U++Xq5nP8Pwq/cH+Znuz9n9ieE/PnGVPnL15Ueu4keuso9MJ/m3ThdDoaFOL3CZxefDe58f6sueUBmX9t5rTEt+Tevj2d1yterPxICjREoKAe5rUE/6jfv3ul2XMbjrtstuvZvtu4J4iEjg4o9ZCEp5b7CJqmzi/oZTJoYmTdRBe3tvITx+E4e7SFlof4CF8D0sDA5bSN3DwYqXV029lcIebqK8N1F8beHvm/PN7uy3zV1f7LDE/73D8hacCYgTMKdxTsIDrk+SOY1yMsEYiTgp5jTOyXsHiJNmTgVOUuL+yTCnUY8O0mmEyVK6kxRlwrTq0JU/aBbFDp3k5IRFnNihl4QPSI04sUMvOXRvcLtjh17iBA5zYode4OSCEIgTO/RRTtJL4STiRHt0aogudKMeXSl/kHaaPTrJSRiDOLFHL3l0rQFxYo9emsoAZxEn9uglTyXjiEOzRyc5maAQJ/boRY8OAnGiPDo96S5kk8sKXjklDi3GsEenONlgLOLEHr3EyYSAOLFHL/QswgJud6pu9g9CCG0u5xkDoHCDeca6umjVwjgdZZ69rC7bHO9poe2hllr2DlSvZ3yMP7DsHUhOxgPixN5h3DuI4LRHnFTdTNLeO7QZzjL0nSFrMLR3IJV1aNRCKXDX+Yh3gJfn/wbvAOrgAB17B3KMZZ1HnNg7lMYOUjrEib1D0TsI3O5U3azE3juYNvtOYUXADaY+nFM0OjoSVgpsYX04p2gzJNer4GK4lGfvQHHyQlnEib1DaewAXiFO7B0KnDR43O54rajASTlnECdeKypxSmu0nteKSE4QVZkvrRUxpz0n6YxAnBxzGuUkvcnanWdOY5yUMDqu+R84hfo4amh0jTZoOHiqwEqaVNJaSMSJlXRJIZo4NRlYSZOcvLSIEyvpAicYhhyIEyvpEiencLtjJV1SiMIpxImVdImTlrg+sZIuKekQZ0QCK2kqJgmMxP14qN+/INpU0loCHGoCCJbS5JADYuBrBMVaujTmcMZjUCymS+JHWIlBsZougBJOZqBYTpdA6RhCG0Gxni6BEjFhTATFgrogFIOTBoNiRV0CpbTFoFhSFyW1zmpUqI/kDK1GAaZsAwCsqSlQTseY1wiKNXVhd6IQPgPFmnoU1DCWNUZhUKpuj83Qu3jfZO9iRYqijhZqKoqatDC0OSdhRUgjbSip2KdaKBu10FuNLbT1FqpGLVQx41m00NVbqBu10IXsHvp6C22jFlovsYWhbr9GuzsyvQaZGiJnWCVBeR03MQOnWKVBpVhT4ByrtFLzMd4f5BOUGtW7eNeqjrFZm6GVGrxILZomPeQTlBq8RC0q01BePkGpkRZCq/cwGGyhq7dQNWqhsgpb6Ost1I1aqEXmdJ6h1GyrSs0lEzl1Lj2nBiEDxUqtBMprjUGxUittrvVpQV89vruW1jFt5uW2IFRWFSilJl6kFgXhMwtNvYW+UQtBZrXUtqVFv0cthZhMN1roqu9hq1oUZHw+SbTQ11uoWrXQCmxhqNvl3q4W9UaHmLsfOCUyHXpp00o450Qma5QEndUoVmqFGqVliv/irMg0KBOziQGnRSZBGZ8C5TgvMvnoomA05mSro5oanes1g4VZTahNX/qjlgOfP4Rw0snMz9TmL204Ns2YtKMFOIEpCcqa5Es5gynpItRxSMMpTMkaBWkzPlhWZ1SNshICBsXqrKTOjMxqFKuzcXW2TxmLOdnq/JCu0ezBYF1WE2oTRLY7/TmoM50pl9oMkQ2vchrjk42cQJhWZ14pDIrVWUmdmfhMXeAUwrQ6Eyna1bE6I0E5k4FidVaSsUZlnTmrsxKooZvCoHg37rgCUlJnfXmofkRSo5OMg1+HmCIbOEc2CUodtxBxkmx6ORrioyaAs2TTq6xBZE2PBVBpM66Lj54FzpNN+vUAMgPFAqi0aei4F4YzZVOgwDnIQI0EiL3fdKuzX9b99bK/LaGy30RKlkjJIin930tFl4Gqz7LRaETroIBMWnLn5Ma0AjIpxR9nN6Zr1DH8lNMb0wpIpyACzm9MKyDtsqbHCqgEyrmAQbECKvh1lffloXols9G9ON4YmUw0PAVExo+HlOvIsAAiZzZ02uJsWACRi4Uhb3osgErx495aDIoFUClCCdLys2EBRMaPW4c51cePO99ohJL3PvNWsjrhS6PbF51MTzNJJqq2MmZ9212cTq67m/3hdHLRXfezV9PJqr/rV7N/Ae791RE=</levelData>
		<relatedgames/>
	</game>
</cartoonnetwork>