<cartoonnetwork>
	<response status="SUCCESS"/>
	<game id="16983732" rating="0" difficulty="0" status="0" timeToBeat="0" createDate="04/30/2012">
		<thumbnail>
			http://i.cdn.turner.com/v5cache/CARTOON/gamecreator/images2/Golden/Ben/Yak/16983732.jpg
		</thumbnail>
		<title>Streak Adventure Lightning</title>
		<creator>Golden Ben Yak</creator>
		<levelData>eNrNnM2O2zYUhfftSwy8b8zLfwKKgaZAgwJdBGiALA3Wo3rkyhrD1gwm2z5an6ySRXkuk7HROFVzsgj0Q9EfL+/hkUiNvv/r71DU5WNZL767uSmq5o/7Q7/VbT+W+0N13yzEK3olivm42xebn8oV7SoVr24X73+i7tRtOtBWbV0O293eLu7bcWcoLbx7Lj38YqwfysVv7b6Mf3Y/eNwbr5/zCl6qTdCLtf14+1g27cO+/OIKtX2xwl+r9V3bVM36QoXF/NT4bnM1BKrc7urYpvLF6i7u46ot9zfV6xnNbjbd/zSbp7Pr+1gfT/jsTFcZq6VYx+1Y3e/rE0fH/Obtso6Pccm7Yz4WOVbOS0te6vnkMyIv7HjhT0oU27g7lV2VddeE29ezqjm0sVmV1hsd9Kxvlji2ys9YcFd1PBwW736Odd3Ve9x5Pnlb7tq7hRHdv2I+7LCTTwsy3eEnfuzjcOzjc+/0PJfhhGBwAQlOOMrgunz4jO5N2ZB4X+738bCrmnOYRC9z7ssVy/++q7dVs/ihT6B+Iz8Tu0b1J+JTdmIzXrL59JJNumSTXVLM81/9r3pSOWF4sCRSV7qgpGN0+nO4Dx3bu7vYtPdbcY5R69APn1NpwdAgVEIUqvKCwQUsOEmGwZGAotNG+1lmOEh0ytmMDky3WnE6UN2qQbcSUrdWMDgw3VIwDA5Nt5YcpwPTbfBZ7CRWzxozaEJBakILBoelCe08h4PTRBqPFaYmdOB0aJpwgyY0oiaCFAwOTBNecDg4TRjP6dA0IQ2nQ9KE9uToCGeOcOLq27sQpkLswhcYIl2PaCdDVM4xRHk9opoMUXseRXU94lS5aGicwDCojxqGPPEomusR9WSIQUmGaK9HpKkQpbCKIbqrEZ2fzo6t5QMjmh2newWDacfOczo0O85GGSw7dsEO4rWwduyc9wwR0Y6dTeOLhbVjZ9ITsEW1Y+008SgC2rF20nG5ANqxdpSeiC2qHWsnpGaIoHbsiTGi2XEmZjQ7doKHDs2OfZpFtZgzRmnp3iHOGI0d6yA1YXnkwDRhSClOh6YJyzsWTBNWkGB0DkwTeghdQNREEJrBofmECILTYWlCU+Adi+YTLimWBGTepRu8RIeWeERZ8OAyLy3gk8BMvXRnTASZelpzOrj7gORlBPlqkJbaZnhgqefTDShJyNSzltOhpd5otyQxU89nfQuVekZLlYKnUCdKjSYhOSPgTKlRwWSMgFOlRjlvOSPi0qWyOosj4tqlMnk+Ii5eKuUzRsTVSyVtlo+Y86VeEodEs2bvsqERzZpd5i5o1qxEloBg1qzT606kca3ZjJaiYa1Z2+A5I6I1a09ZHBGtWYf0InRiRLRmI6zjjIjWbGi0Zg1rzUaGbOwBteY0RU2Ib/p2tYdsaASzZpmrGc6aZW4saBM24zQ13lttTlotFKd7KfV+acvtcjfo9xylnzgD09ttZDAz0OVBBMtAm/7E1kMuqKeHJg+5oO555OAWD43hdGgL6spxOrQF9TSZ6eEW1LtB2YV0P3D2FRiAMTmMvgb5KoxWWQih0q/rYTuuDnvUHu4hbQYZANOQpBlnBs+Pgm/vY73sUQ/nGO0XfapEnvtUiTz7qRL9jT9Voukk1/Pj8Yfl5qFZ1+VSEJ19UKMQwrUPk/2x2MYsCo9xX3X5s+i/+5Q2WSx48X/RRp+3UV1oY/95mkttVBMO7yqlbAAWv0l/7kIBVfxaCmc44+Wc7pL6Un+LCXJafn1OSxFU1saLOX38NNn/q1v66jb2z8jj3LCFfEYeJ48s9DPyOHcN+c55F8M8iN/qhqyYp0/HFfPho3bFfPgo4T+Zpfs5</levelData>
		<relatedgames/>
	</game>
</cartoonnetwork>