<cartoonnetwork>
	<response status="SUCCESS"/>
	<game id="17404687" rating="0" difficulty="0" status="0" timeToBeat="0" createDate="09/09/2012">
		<thumbnail>
			http://i.cdn.turner.com/v5cache/CARTOON/gamecreator/images2/Golden/Benjamin/Hedgehog/17404687.jpg
		</thumbnail>
		<title>Space Star Patrol</title>
		<creator>Golden Benjamin Hedgehog</creator>
		<levelData>eNrtm9tuq0YUhu/bl4h8381aM8xJIq60t6pcVaraSr20iEMTLAIWplFy2WfuCxQbcGayA3ZYmXSk7itzmMH/Gr5/MQf4/u9/fkyK7CErlt9dXCR5+We122+12w9Zvcurcgmf8BMk0bC7LxYdyyXNui+e3yx//yLaUzf9gSZviqzbbve2ad0MO11pUOa5dPePafFXtvxtm66z9v8OO0P1yK7/2sU0f/1iTVq/+VoifvVav6RNXRUTV0uiY8zt5qFhktv0vi+bXN8eK7VX/3y12u0j3d3l2xWz2i0ayiW3VVrYVbhd6vlksr5L63TdZLVdWNuFX5RI7tPtsew6K4qL/OZykZe7Ji3XGSpUWqrFRX65gMXF5nKBuLBaY12ku93yj1Vdre+yFSC2dHTHnsvcZNvmbskAUCZRt2OdfFxiS0r7Yx176o492cfSJn3ePdyHOk/LZrnHsd98Lh3ZxVtFbVhTMTKDBu0Y2XiMeCJGNTPGc1QyYLZKPqUSJlUaD3cC3+FOoDJxRxueQxtOxRiHSxtzYpymDX046iyVXNsqp2nD/8YTqEGbg0pG5oUH6glmQEo7RgIvsUdeQClbJYEXb1RLrSTGB5W8Uwlfq/yclQhf0rKsyuuqaMaE7lPsPsm+VFpn68ZhIb/Py+UPbcCHDfdM+rg8nEgfnRObocrmZZVNX2XjVEki91/fz14cwG4ugr1YuPYCBwmCvbhPe6GwVRLsJTym41h1bRmTeQEPvLD34EUb5sRI4IX540UbLmyVBF64R15Ez4ug8gI61PyiNUo7RgIv4JEX3XdKBZkX5pEXxTteJJkXFSwvSoAd43xewHjkpe1J2SoJvIBHXkyfXxSZl2AnL7RUaMdI4MXj5IWWmtkq5/PikWp+VKlHhwe/VtdVs/q5eshGRwbwPxgZtINSY7cUwVlxsJlYgkMDwVnSp7NaM1kqCc7y53+ujO6ylPnmrBPO4v34wpCdxYMdQwkm7RgJzvI4paUFV7ZKgrOkR2fx/pmF8M1aJ6wlYnSaiuAtDPapFQvtBEkwl8cJLR33HQgEsrv85QAusX+6Io6666cyu39aXWVlVqdNVY8pVa877N3gVrF0lBLgDnfyjWvtBEmAGz3CzY1xZBLg9udBLhTv4Wahw21AOEpnwt1eyJhgMzdH5QRJgNvnVCFn2pFJgBs9wi1E149GHjbch9lrRykBbhVs5mbcDXIm3BQHnyUzNo5MAtzgEe5hYRbj0OFG5SolwB3uHCz288wYk+H2OQmLWjgyZ8Lt2YMQD31uMQr3Oe8c7mUG+1aPMCCdIHE+Mh7nQIQZOtyCTLb0KXPocAsy2R4NCCLu84Q8h+xJmRjqk75tQe4ESSDb4wSEhP6lX5Rksj0aUGK/CIGSTLZHA/IY+tbsFvjM7JStg32TA7QGO8Yp954ixmOPS2omHJkE/3mcI5EtNI5MFmaaGF45QUX2n7c0IfdfMPSt2S0D6q9VXlVpsdoPCvJsN6ZSvmkVgI2tArDRVYB4bBWAfdQqAMeYM7upzOxnsFaBDkh4O+gSdoyEVDU7H59jLsNcmRhkRlWGOeaipCr0KXNIVZqcqjzOOiOqfkhhTvoPptEUofoP5AC2Oe0/+Pgk8y79IYXD8sHpVxVOBRlsp09JyZwg2ewgDYQ6f6Wkcu/kVOYA+PBx6duCTKL+o9Yk6r65TaLuu+Z/Add7BDA=</levelData>
		<relatedgames/>
	</game>
</cartoonnetwork>