<cartoonnetwork>
	<response status="SUCCESS"/>
	<game id="18641152" rating="0" difficulty="0" status="0" timeToBeat="0" createDate="11/30/2012">
		<thumbnail>
			http://i.cdn.turner.com/v5cache/CARTOON/gamecreator/images2/Golden/DJ/Creature/18641152.jpg
		</thumbnail>
		<title>Feedback Storm Shadow</title>
		<creator>Golden DJ Creature</creator>
		<levelData>eNrtXEtv4zYQvrc/ooHvXXH4JqD1YYsmpxaLtkCPBmOziV1ZCmwlTa5Ff3ipV0xmJbmRrQ3j+rKRRIqebzjzzXBI7bd///NdnJgHk0y/ubiIl+kf2ba4stcPZrNdZukUfYAPKI6a26Jb9Nwvzud19+Vi+tsPxDYt6gf5Mk9MdW3v7vQmb26q3gBo17v6RZ3cm+mlMYtrPf/T/mR534wQuUO0jIckbx3v1zzbrF89mMDtg93qRfZXz2hx9IzbXs4rHZn1XaLzun88v9UbPc/N5mL5cQKTi5X9FyZR3XqT6aRskF6LHcwZJb7R62a465tnOazAn65miU4X27m+MzNHwXHU9Ct/wX0F3F67xp2cXmev94su8VrfPXeem8QCWXycLNNtrtO5UQwrbvFacKjEJiaOfueJ3m6nv+sk+Xyr0zxbW+GrZ7s+C3OX304pVULGUXXjND5OgdnHj+6zp+rZ026qCrG6ZWQKS+GIqFpEnK3u05vEahdQp4wYISADZSye6Vzvbkvr2yytVoq5ai53vSO3+z6EQJRAxIEIuBcj9GIUwWLEHkbSgxH2zKMaydYUE5ihyY4F6GB/kGI8fwBwRNzjD9CnRwjSVqQ1FUomHhd/gfGTSQHtAlM7xsKOCkt6CXJj5rkn/HK9TKffF0RaXPgt+rHk4+Kv27AqX7ExafXylVX9ysp7JY78Xz2ONQBFSEhXV3u4o9ceeJjcYTEq7mLcwx3wtfkRH4yRKRCVyeP9Xo36EaIREKJjzCKh0oF4kKXSUC2VcO5iPMRSeZCWqhjCpMJISozsS4ifL22Q7ILG2jn5OAGcSAzIEa4tobXp+IPBs8pT2mUkVkQWpBspYlMUV/2yGyHsQRhmqqgI8+dQ9SFEvQhlqFTI6xyOHE6FJFQq5MTDeAgVBuqLTFhnLDHSEiMevFxQZCRGBAqoXnjR/2BrqN/WcKC2Boh6GHttbU/6FKg/ccUZpSVI1jmRny97ayD0gNA7clZhV8wUO+h4QFlFoXteB12+R/fwDnXPJK11Lyp0w2mMjzcFAoC4QoYzBUfIeajkQjnoWGDmb7VfSidPUveUIAddYLoXDKplszpJ6mk2IACFzD1CIU/Kk5oEyinzJoENL3vTESdBySpKAZweC4Gwi16o8eHOsvcv2XWWz37KHkxnzRuNXfOGt655cyVBUE9VpxWQGK4rpTU8PtwfYbStMkVkvUlDgl38WkshTXwhp8fcljSQjaAevjNpdDgVls0mEu0qnBaGgL7+8vkY0QOEIsSF11I1/TE166fZlUnNRufZpgumGDOftYJS5Alqc45AJVUMKU/Ss2910izjnnOdGM2CYHWhF1jg3gUMu4IG6l02fVBKuoKS4enDiItvKTD11Im7osb7XHMghJWH70xxndEAmrjFz6rq3Y2hFIGnqaHnGcGSRKgnPSjFPsihBxoLkGOVrhQAriu30FNYfpNNoyPsvwInTclEdOX0lUteLh//vx7JFCXKVdPQM9TWVKUM9NAIAsldjGd67mQuhoWnqaGnTwrmCvX0CWXUBzn0+Em4MUghwKzOTmXXcfWrTCezn819vtGdG1j8VTaPu2wed9o8feviTzHBzNUUC2Z5eowwyARFLrpzGOwIgxy7ahr66UQRBgM9O4kVxXzif612DoPtEUJx4mnqkDAIoYZBJX2Qh4TBMGO9JXfe7IGoPnJH73JzHhgID92Z3NvJnTXrcXXQFzQFubNAyV3K+qBSjfFM7p28J4F6mhp66rngvUB3JSxIgj2QQ489jxXBXpfbxlH9sXocVR/Tx1H1/yD8C6lE+Yg=</levelData>
		<relatedgames/>
	</game>
</cartoonnetwork>