<cartoonnetwork>
	<response status="SUCCESS"/>
	<game id="17394571" rating="0" difficulty="0" status="0" timeToBeat="0" createDate="09/04/2012">
		<thumbnail>
			http://i.cdn.turner.com/v5cache/CARTOON/gamecreator/images2/Golden/Will/Pyramid/17394571.jpg
		</thumbnail>
		<title>Slam Blaster Solar</title>
		<creator>Golden Will Pyramid</creator>
		<levelData>eNrVXE1v4zYQvbfofwh875pDDr8ArQ9ZFLkWaIE9GlpHTWzIcmBrF7vX/q3+uVIWbQ+T2OmK1mJ6SfRBSe9xhuQjZ8yf//7nl6KuvlT17Kebm2LZ/LXZdUfh+Eu13S03zUy8g3eimB5Ou2LTY7miXcTiy/vZnx8w3LqPF9plW1f9cTh7Krft4aQvLaw+le6/WNafq9kfdbkOn9sfH56e0sdfexfAq++6rctdW22/+3XWvg5tU5eXXlZMj6TD4aKvoGr9VJdtLF8sHsttuQiYbpbvJzC5WYW/MJnGuw+bst7fcMmd8DLyluKhXB9e9+nhiCPgvb2b12Vzv1uUT9Wc1EgxPZTbf4E+omip080TTlrY0cLPShTr8ulYdlHVgcf9+8my2bVls6hQCGUnHTXRM5MTUruLYKbd7ON89bl5qKt5sGZwuP7iqdB99dQ+zqQQEIzTn5CbX2cQ3Cn8I9e+9de+0WtlW55O94bdLsumnXUeHg9Ppae0eEAUWF2kqBOK6gLFwPAiRT+Q4lsglRVOTxLfewHytmpAfCibZtN82tTtOZgdhY7Ec5zbatEmVbxcL5vZr507dgfpnTKQ6m6UX5Mbq8Mjq+ePrOIjq+SRYpp+9TqVFSzqk8p6w2nhkkXNCE4LV3BagITiG04LP7pdXoWiV3uKMt+KyJSiDA2ZUMyxIldHVcFwHUWVb0XFdABRSlCKOVbUPK1o0fZjJO4p2pcMf2uq9bf5XdVU27LdbM9xtK8PPtfp9y1KICgdU5TKCYLSc0WpKEoQTGFKgxQm8IRpvKCeebkXFJd7QcmzizA+aXyXe0Eh/o8dvQPbU9R7iq80iY9lXf/+GL6xWZ+dJyB6P9Y8Ab3UnkCE4RDNaBBVHEt6iHI4RDUaRHS0FtVwiGP1KBqs0AQiDobo7GgQHdBa1MMh4mgQvZIEohkOEcaCKIVRBKIdDNG60SCCpYZ2wyHq0SAqIQhEPxyiHA3iQb3qs4rrP2I0fjSMGqkzwvDxxYw1vkCYBmjaqGH4CGNGG2GsNz1Gw1ZKWOscgchRSlgT+0bDVkpYjYJAZCglQnsBWosMpUSY5lnaXBhKCbSAnkBkKCXQCokEIkMp0U2UqaEZSgk0NsaLDFcpgUYJamiOUgKNVrTXYSoldJzxG8ZSwom+47Gs12YdGoKS6dqsA0lRMl2bDQZXBCXXtVkn4pzLsl6bFSaOijY7xUF4nguXYTwASjEjxUGMNiCIoEP3IF12pFBYrnYAQylmRApHoSivEAx1pm/0Pt+KyJOiUcpQijlWZBq1B7D9CAMi34xMozkGDylVIt+OyJMjSN9PpyA/FWrwCDx24DFMmROOOXZUPLschyK2R8lZ5DuMIj/C5KrytXAUJleZr1FTmGx1vrZJdXIV+hAkZoJzaBYG+OHL7mMPahpSW2SkYQhgyVGjjKlJoLgGTzRCXMeMGBlGT7TyOsHIMHyilXWGYuSYiqEMJvXIMRdD6dQfOSZjKOUSjByzMZQ0iT9yTMdQoJP+kWM+hhKQ1CPLhAxn0j6cZUaGRZeA5BlH8c+qkmEgRSPKqLeRr67Qh/EQ2eoKNIcJObLVFeggqUeOugK9RoqRo67QwliKkaOuCFMiSTFy1BVa+qTv4agrNMZAMyBbXREqEihGjrpCG5W0a5a6Qh91BTLWFU64xCVZJmh4kBGk5rx464WzFKbjClMKCpPr4q1Pa5Pt4q0XJsHJdPHWHn/Tr/PSNLrFW8Nz8dYef9Sv8/I0Oo6j5eKCjfkyYPJiih1KrnFTiynHoTHFsbztGjF+d1i2tPl2ZBrjh+MSjs23I1dfdfGXgKfdh15wvNuU9bzrxpfV7hxF8137wshz+8LIs/vC4Ll9YeQP2hcGvIGkpnI8Hpi26jBJTTjmeDzTbAgpbPR4nx/IFVw5xhxf8HmBXB6+WkzjPmPFtN8GrZj229f9CwX2wfA=</levelData>
		<relatedgames/>
	</game>
</cartoonnetwork>