<cartoonnetwork>
	<response status="SUCCESS"/>
	<game id="17576641" rating="0" difficulty="0" status="0" timeToBeat="0" createDate="09/21/2012">
		<thumbnail>
			http://i.cdn.turner.com/v5cache/CARTOON/gamecreator/images2/Golden/Max/Hedgehog/17576641.jpg
		</thumbnail>
		<title>Dark Alien Slam</title>
		<creator>Golden Max Hedgehog</creator>
		<levelData>eNrtXU1z2zYQPbf9Ex7fG2HxjRlGM03b+NhO25keNbTEJnIpySOxnuTc/vCCImQvEpJyIMreeJiLKRGk9u0CDw/AAvnu3/++ycririin315cZMv1X5tdfeWv74rtbrlZT9kreMWyyeFjXWxyXy6r5qH4cjH940flby3CF9WyKovm2n+6zbfV4UNTmnH+ULr5xbz8p5j+lG//9j+3vz48PcGPt72Ltb/rh3JZrL/4ZUa1vuz3Ml/1vCub3CP2l/PGO8XqtsyrUD6bv8+3+bwqthfL15fs8uLm9SXA5STcfbfJy/oGqOiOfxl6S/YuXx1ed/3u3g5v7pur2TzfeQtmDEVhcii0fz0uL3Cph5sPRuLCwHHpT4pkq/z2vvC8KD2KxevL5XpX5et5oZXkIC8jyMi38zLf7aZvijWwq21+l1dVPvfxb75+KLYobqv3UwDm/2WT5tPD3W0xR0GsTV4t19PvwRtdX8R38g/T/Q3/F9+42T/icd58+shNeOQmeiSbxL+aLXwhX3MWuMziY/Pdx4caUzuo21vSWhs5i3/urD9nd8uyjrN3R5enOGNgPnfUo2ysv8urPPLBXb5d5utqWjNBuESewMWPIQQhrFUYouiGWAe8D6IjCVE6afUeIRwPoo9iH0J9BoQwBEJnMMK+GHoUX1811do5K/YQeXcQ87L89b3/lc2qs5pK6bRIhHjUSCuUs8hI9bmNP6+L1cfZVbEutnm12XaZadqZdRhSA24kslL3cVpvg2eKZmXxjKaaFi8Ix4FbzgxHZvYHoq/VMkkzEIYLbRFCiq3WgBaqoRa5N7KFPH+5vvHqYna9+dBloTu3FIJnlkK1m7hEbpKjm9rdxEMfILu4Z3TTnvuAITedwH2cpCbTRgiHaaVtoPXc3KcUQGTjCeMbRlQ4WiEVhnjC+EaQhMgt09DIf9XVgT1G0IFzjqj6t8I5hhCewBZAlS0UFwghUbZwGtvYzxbw1GwBg7CFiiD2s0UvRE6TLZgzshEo+hFsAX1sQXM2RFvJrEMIT2ALop2asX5gihB6KZXMFu5csyFGKQfYSEgWF4xoTTPKSoEh8j666GVE5og2JqaExhBPYESapF8zImtGtuYoI7J+RlRUGZE7hRDqdIQ05/gNCMk1QmjGYXe7mzgTyE12dFOrm7h2mBHc6KZ2GWKlQ24iKkO0sNhISF7+O4sMGUIOKm2iOPTJkCMQDVkZIg2GmL7EyWh2YdpZrRtRb7tkyK9ve2dw5JlGLHyA+ClgHIHTyUxh4VxM4axRjY2uPwDw1AEYogH59iMQOIIBEL6NW4NsdOkr0zSn+QwYFxZEoUm3YaOy6PCTYNhPMPqp3U82THUFP/HRT+3U7gRgP9Hhdj4AqyihFUY3DuvaF8pA8Yh9Ha2Z4QE6GKaciyC2DXcIJD8Z5sd8PDKUk9G7Q8gtCyG/AaCLmAmEQTsHLrKzgxjZ0xPjEEMqppXC6FqI8bfN9aaavV128uI+y/3FE6OM/OTSFwWJThAzzVwEkS4xWqYjQ/mLGocaF9KigBMmRgBQKrJTpK1e+iZhLU12ZJwZjFD2Ll725g0RrWzMHTrhzoT8xyIkmmXIrJYYoU5HKIgiFNxhhCYdoSSK0LgohjYdIdE8CaYtxwhdWg4B3QxFLy94WGUKEOnKC61jQ1+UvHCMh4wcEF3yYlT8tbyxnGE/ibRczlreGKqdv3YYoUzLzSIt4KTGCFUyQrICjiuDEep0hEA1hodhqXiEvIGnFnBDIBQ6YmSbjpDoNkcmGWCEJ8gbTVTeGKUjqmmTN2O/WssrFXPyi5JXnDmrgnqUx3Nl+ztVopvHgQmJEcq0XCrCwgiYjRCqdISWKELgUS3VtITRELUUwtEBAaFJjiFVYQQcNEZo0xEKqghDvl9A6NJSGukKI98bShZBJNQbDnCwEDgViPSkbal0R5im3hqjMEQYE9Y6HMVCfit0b+AdHVVTAjdxjeIvKhXLybBHGvR4mkyvn4zFfhqPk+nykwTsp/E8mY6uWBvspvSu2FiimX0SbASxizjZ1zizIOv9wQ26U7eoGpqLoEZwKTFCl3xMC1G1qLwedhhh6nFC51rnHeKAECYO67zmpPOECI/aBDdh0GZPTAakOgOmnA5noASIbWr9apOXs3rJflnsujDqL+pYeVfHyjs7VvnMHasCa2NP8eSFYqozTb5Nh23MB4wifQFHEO18BITu9fjWuv7ulei8vQJ9mBF1Jx3zTHjSt15KZRFGkT5l+PyNMZuEo+qzSXOOfjZp/vOD/wFwwdcj</levelData>
		<relatedgames/>
	</game>
</cartoonnetwork>