<cartoonnetwork>
	<response status="SUCCESS"/>
	<game id="17423445" rating="0" difficulty="0" status="0" timeToBeat="0" createDate="09/17/2012">
		<thumbnail>
			http://i.cdn.turner.com/v5cache/CARTOON/gamecreator/images2/Golden/Amy/Zip/17423445.jpg
		</thumbnail>
		<title>Champion Fusion Magno</title>
		<creator>Golden Amy Zip</creator>
		<levelData>eNrtXU1vGzcQvbfofzB8b8Th5xBQdEjQBD3kUhTo0VjLW1uuLBmWYjjn/p/+xnK1XHs20XJV0oxpVAmQrLTUah45fI+cmV39+Pc/P02X9X29nP1wcjJdrP5cb5ojd3xf320W69WMvYE3bDrpXjbNJo/tptu5b764mP3+XrlTF/6N7WK7rNtj9+q2utt2L9rWDEjr9hur5ed69v6qurl13+S+cve6u8KEXmLf9YTYe70PnzcxV5Nm79U+VZerdeBi08kjbnc4b/uovrldVlvffjq/qu6q+ba+O1m8PYXTk2v3L5xO/NnLdbUkJ9r33aXINaaX1U13sfPLRyucte8+ns2rjfv+MyAjMeka7S5O2wva6unkk4m0MfSu+VWT6U11+9h4Xi8dhou3p4vVZlut5rVGLfVpA4vtYPFT0rHzZbXZzP44u1vPr+ozBuC8rX3vqc1Ffbu9mnHGGJ9O2hfk5MOs8SX3H3nvS/veF/peta2eXu6G9G5RrbYzaAa0PXxqPaHNnUUO0zBA4AqQIhTDCB3AIEKZASFLRoiGAycATfQQNicLBOiGUHJBEGL0EDYzpUAn5cpxJHVSYN9C/NUxzdntlfua9c0QRHReGjuIo0ZKayWjRsKAkdefV5fL+iVs1EwLRU2M5zMwhboKWEMh6m8R/rY+X2/PPq3vB8cA2P5BuKvn257hi5vFavZzoy/NQf9M9TDbnageeieuu49cf/2Ra/+R695HppP+tz6bJ/SEDeJ5H2yRnqAV88IGB0g3hIQNSpVu7l0dRqV7B+L7Lk6eQ7pBSwLQxA8hFivdlhOEGD2EhS5OOEjbc9J9qviuXgH7UNcX59X8r0FOhtyczF+ek62hXRVPWaDL5GRmGFKEYdWBHOuPcY81KFrW4X4r+42NH92O8+yXVX2zqDdDNur/5K58yF35oLvKl3ZXxRQj/RT01rD8sCK91ckP5wSgiQeYY7HM08lZWsU1dfWhLcuyuq9eZsNi0FADEyixzPCE27BooGNw3LAMeYJF6gkJ0qFzeativLVRjDJiYDUH1v0pdEHOrCUAExhRFcqIiIIThIOMOF9sv7wIIxppNDUw6GRhRhRFOplD6DlfjM/0kU2RKjNIJaRT3h1EmTqPZJkIm5g0Jwj3u+n9erkNBhqFG0Oea6GvgEtDbDwq7+BYCuqt+yfkbixDoUKRwDjjM0po3eZA1M5GFZ+oKzSQIqRBThCasqJ9z8IZBhhBGOYMCPlZtiSPcMQNxEYdGoWwn0GZfuZGgdOZFJ7t8BLMjVaL1kS9M5EF5ZOF1tm81IQngiEI5VGa9i4V3VqYkW5SceuocjdcboHCGScI7ZAjfFg8/I/9QEsA0ksQyQgNLetCxVEz1YMYEEcWFEdmc4kjb7LK1MaAdDD2IgLupEO10mEOkI4gY5S5TnSU6BdRJpUSdaGUqK2PBJojJYYo0ZdMmQMoEb57jCE9VqcBLfX0faG6p4gwZCH9cRu7/IUZjdaN2Wjy2dibTwmlQKzMUiBH+t5TMJH0sdBlouJCA0F43C8MiGNXYYGp4qgKFUfFuSQIj+I4II6+KAmTxbHQJApopJQXFEcGrzDF4GSL07kclNYRhLpUhAIpwoQCT1OoMBvReqkdFeZwwhzLBKgR/K7dlig48BwBKskEQXgUnP05bYVIegkiPb3kvIEWSB0hPuMbLTiH2Gg1tTE6k5ltx9gU9YMvemfHtXwoFWe4z5H4jkogV1HqnNIcKMT4lCgT+SaVFj2Hjc8Y5pv5SgDzdwPBcVaFZhUyn1v1HZUwq0qtM9AogEJMmFWQb1ahlD0j42dVrqmPblnjGZiP3YEW0vxc6/fniKdw45e3HqKMK/hoIGKhK3iO3YKDj814YK8xJ8alNlpRiOa4S9kbFgPb8wSML6wp9G4Lt7gWPYgJefRsRWbNDqDHq/GJ9GwChRb8VgpEyqNRGmIs9MEh2hhGEUbecdIgVNkeOqG5TzCCODJbiNkUp92EcQH/XHvF53jcgfW35niENi7TnMLdozZy28mwGA2DjRmp8xnp619BJNUVNEZmy9lzFL1pH1tYkFL6eICREntGJlQWlLmyRLTaq6Acv+UvyCsoiqyyQY2cUYQJKpgtuiMVGqBGHlVwQAWh560JKljmM3G0265bijCoMOEJaWWpEKXoQYR4iLpUiAZ7EHk8RFMqROw7qoiPupRZlKY1E71RtPGDKArdIbq/LUI1Gv8cqV/gpUbOZBcSUkdlDeT3ERTtJox/9AMrNXImuwyaSknw84x7t8ZIsD0j4zL8POPezRmppXcWnZJ/4hm36o2RCntGxuWf8g43Mu23wSa1J0VGI30pJpjUnsw13JYJXzYMOPTQswMj/6bUymhj/BMCYLD4+6hktRaqq6rBsTvcRzwhy5qGP4eSoel5QmQOiCdsgw8xsnt8LabkgHJSm2XdPWZwQP1uMAhpyqwVcbzY7WHsGC+O7NKMKLWA13YP2bVHXgzwoukWbXaUF0civYXGzoTBHkITX+pS5m5WC/QPpfIIMR6hLBWhthShjUeoCkVoWc9LRyK87PXdNIJoumyGPSTC+wqLzhCR9yHyaIiWlQpR9MhmJMLLys62TCf+h5Kmk/ZXnKaT9ue3/gUD/21y</levelData>
		<relatedgames/>
	</game>
</cartoonnetwork>