<cartoonnetwork>
	<response status="SUCCESS"/>
	<game id="17019670" rating="0" difficulty="0" status="0" timeToBeat="0" createDate="05/12/2012">
		<thumbnail>
			http://i.cdn.turner.com/v5cache/CARTOON/gamecreator/images2/Golden/Tex/Tornado/17019670.jpg
		</thumbnail>
		<title>Chill Nano Spark</title>
		<creator>Golden Tex Tornado</creator>
		<levelData>eNrtnUtz2zYQx+/tl/D43mgXb8wwOiQzzfTQzvQx06OHkVlHriJlbMXjnPuN+wkKmaC9SERIIcx4k9InioJo/IFd/BZPfv/Pv79Wq+amWc2/Ozmpluu/Nte7q3B901xdLzfrOTzDZ1DNuo+7ZLP7dNV2EZMvz+d/vBThq/N4Y7vcrpr2Onx6V19tuw9tagTzkLr9j/XqfTN/Wa/Xm/XrzWob/undne4ZM/qQPU8EjXuf+Eu93nz2sxzsfdbvIenfmYdVs3vd4fKucKqL+m1MW72+uP9RePiLV2eL+jokPyP/rJp1iaqLTb2i6Wnxzh6+rBZv6qt6sW2uaGJHE3+Uonpbv7tPu2hWq5Pl+fPT5fp6W68XjVHCqNOT5fNTOD25fH6K8pSUw2JVX1/P/zy72izeNGeIEPLe3ntIc968276ZCwD01az9QL68naMOt2/pvQ/tvQ/0Xr2tHz7e1cDVsl5v57gr//byIfWMJg85CqL6FSI4aSWRmFEIeYWgWCqU4JWjdYifKnzRrBGou+0XuaviXRF8rPKqWWyT3C/fLtfzH3Y+uLtIv6lv53df1LfJF5fdTy4//sll/Mll8pNqlv7X44r6UGEFg9fUGlDkzAGzBm9HMAcoNgfrpASi0OwTeLNcrQ7bu2Pq0dYZc6cQ7xSqTBUCfnGPhsdQaL0gCvXgVhk0TyP1KBURmDPS4IY5gVy9MAQ9RKDtF4hP4IWPIFCjQSJwH3V+2jZvzxbL7Yc+eW4/bh6ppZfoaQbzLX3OxtCwrIKgMLb0eEzwhmOw7IimzMQIUxxqyiCfR6bhl3UgLBFos7z94k3ZIwjUIjZlgqunK4E0gwWeztPGgkIlqcICTzejeTp63Xq6vMskfJrH3zavN9uzH5e3vR0Q+NY7ICF0lZqUEvaV0s+bm+b/W0xBoQZPymmvT6/qm0bkuzE+/HHtxmhF/aWAjHIEhaIcHNZLJAILyKhZVqH2ylKBvWQMdlo/ERmloBksICNPGwsKE+iUkFGPRkaBqm3L1ETGDBmFQlJKExl7yWgsKac8GTFHRrYDfAoEUaizA3xZcCBXhUIbotAMH+ATPIeHrLO0ybPDB/iYdvuti12yVqAbPsDHc4hWewBqogyDGx2Hv1RxcCOYDvDplIgFwY0cL7iRto3A9BTc9Ac32klLSmkKbvqCmxAFknIqCG4MV/SjB6LQDO/2I1f0gyQC3fBuv2JKRm0E9WV+ZDRxRYguJiMwJaPRniosIKMYj4zatJk0ExkzZOzmNsxExjwZ40SqKSWj5rrqBaUhCgvICEz7jFYjEeiGd4olU/SbuG6pFeiHd4q5ot9oTRsrfui3IsngcPSDZ4p+m7QSJeiH0dCvpGu7e3ZCfwb9EOdF7IT+PPottaYC9Eu2nWIAojCHfuhXiCPN9j8KGVEQgX54p1gyJaO1iS/zI6OL49m2mIyW6Vy4Q9pMFJBxMPuPICPa1hHcRMbeYgphJjhSShMZ+8ho42o6V0pGnlNAu25S3LDkSrbz7MjIdKeEDVEgEVhARp6T/VYKTVu8XjJevl9frJonYmMMMF0xGw3TFdTOJQ1qARvH2yshfVzZ4yc2Ztjooz/5iY1ZNjrQpJwK2Ahc2YhxgbEv2UWII00WP4pCGfdJ+pJthJzprxCIwAL68zRSK6WhNciR/hqTOiihP89h+6BQ0IaihP7j7Z8SLq56RZjw34//0OPztJgm/vfyXyf2NDwAcJ4rHlV3jACULDNGvsvFEIwCKjG70Bi/yhBAWkMV5maNv87Bf6nSlp1nEOCTWiiJAiTTKECATSQWhAFqvDDAdxWBUxiQCQOcBlpMUxjQFwZ4TAqqIAywTMOA3SYEKnHgkmO+AwGBkXGQvLN2GD4PwBaSMnVofpC0uyWKSR4LIIk8N+2DFamlFUByvE1HUsTTIVBMkOyHpJOdvYoJknlIxpMcYkEVQNIwnYVU3aGJgmvzGhpMdIm9uuH9ecW0P49SJZbmh/fnmVqaFXHeqbM0yM5a4JcessDHgGR3PmfxkWOjzFs8RhzQ7eLD4jPHBoc6R8QBKq46xOnQsVwcYOO2BZxOHcufYQciKaiCOEAx7WZ1KwtRMo4DVJw0jZn031ocYENH0ibVUABJpsfTatOdEFx2+hjfMYsgMS5mxuLjx8bzJpC2m36Yzh/LQNKLru2fDiDLQxIhKagcJCEPSa77WFGYxBRg+IgyUwBJ3U2dK77Drb4jiComiGXazfI2aZuHEqQEkgf3aYKOexAwcyrPUZMPjuuZNdAFnLrY4SXXwN8mlcjR4XcbQZM8Fjg809ExBCcSiQUOP9ZOhOAO3bszTLE78NyV44LDWypRDFZouU6oGjRJJXJ0ePQyyWOBwzMNtFB0U/em2OHHWnxsjZdxVMgedvgDi/CAqcNbJajEAodn+kompeLxQmh5vqnFopRpDgvcnWmYhTI1sxJ3H2uRobQqnkGJvfvLX23q1dnOWq77cmg+a6RD9I10iN6RDvXU59OA68zVHWwy8o2iZRqNKuVMYgj8mozuBQ/oipsMphvEURmdSCxoMsZacmWVdtEXPFdL0fFMfTxiH9uBWSOmBwhi9+oHPGIjG3Dvl1Wz+HLqata+OLuatS8o/w/+PKKz</levelData>
		<relatedgames/>
	</game>
</cartoonnetwork>