<cartoonnetwork>
	<response status="SUCCESS"/>
	<game id="17335398" rating="0" difficulty="0" status="0" timeToBeat="0" createDate="08/13/2012">
		<thumbnail>
			http://i.cdn.turner.com/v5cache/CARTOON/gamecreator/images2/Golden/Dominic/Giblets/17335398.jpg
		</thumbnail>
		<title>Danger Champion Thunder</title>
		<creator>Golden Dominic Giblets</creator>
		<levelData>eNrtnM1u4zYQgO/tSwS+d8XhPwHFh02BRQ/toVigR0Nx1FiBLBu2EmSvfaI+YimLiqnEorN0C00KnSyJlDTfcDhDDin/+NffLC3zp7yc/3B1lRbVn5t9c2SPn/LdvthUc/IJPpE06U6baslLvbReuurF3fzrDbNFd+5CXdRl3h7bs222q7uTtjahcKzdvjErH/P5z1l1n+/sCw9n3f2J/4BTTwNx8mk3q2y9tXJ/9/PMaem+rh6ru6B4afJCbg+XrZby9bbMalc/Xa6yXbas891VcT0js6uH6xnALHGl95usbApA9Ersw7ynpPfZunvc7f2LHFbiz18W+222zPerYrugXoMkXb3DG/xbwK91LDzK6VfWfuVXNdJ1tn2pu8xLy3F3PSuqfZ1Vy5xrrfnMY6YzT7/LMtvv538snoqyzBcEwBpde+1Y5y7f1qs5JQRUmrQnXuHzvDEC++Nd+9Ze++Zfy+rseHpo2V2RVfW8sXJ3eKyd+NWtRBZqmBAY01r4iGwY0RIGEQ1KRCU14S0idPb5BvGLtaHFb/ljvcvKIURJSMP/GnGXL+ue6MW6qOY/NYbcHPRLsuf5oSB77hU8HG7hafLw+paHpio0Bf4tadJ/6/v0fE5T3HAtfUWFzN3ae8gW5H9gC3CxLVhCo3zCkLVbio/XoTlQ1boseiCUIY8V7M5EoASkmhJFD4TsHYShJiQcLSGQAyE/Sxg2UkJRdkOqiYS2H7ZDBhZnpWCMwdkNhQDrW46Al4wcCFZCyn3CCwYOFGc/JEZxfUCU77BSCFkpznBo29BID/CMlQY9jUFKaKOFTxi2Uvh4/bCxUtJ2RHXWSknYSgXONiSSGA/wgmEpQRotiKTEJ4wflhKkkzAtuWx9qT4gireEv29uN/Xi181TPmij5LumYDA0BYPBKRiMPAVTWhHDPT3JSU+n9SSUkp6e1KSn03oCyoynJz3p6ZSeGBFcK09PJn7eDCijqNKWsQ0yZvIsQT1Jxj09TZ5lyLNoajw9TZ5lINcBgmpPTyY+X0WQehZuo0ybVSWTawkqCnhPUZNvGVAUZW5C5BQ1OZdB59KtbZFLvEsz+8c5cwQAIdpUKsD5NByEksVao0SUpEtSOUIeSlIFCQ3OECGJcSsajlDEE1KkhFpyn1DGEzKkhMyN9xyhiifkSAmV6bWhjieUSAmlpj6hiUuH4114U5J20xJoV8BPZIs/5xWQm6yqNtXtpqwHKeH/Pn6wVqy7gRZ9R3ANGYRWWEOP7NlDOLjChxw+cOkTimhCtMMHKpRPKOMJAWsbGuETqnhChpSQSeYT6nhCjpSQE/AJLwiuEutasxZtLgvY+cXmsDPFub1MAnHZX0cYChfkQwZEILpHKOIJNVJCoD0rlbgC4r9hpeD2QDpCFd2GWAMiUJA+oY4nZFgJJfEJTdymD7wBURlGu9Rdu5OVvEX8pc7Xi+3KvmazHkLUF6x9nBeSGgm+kIBSSC6pLyTFKCThbjuhE5JhFBK06DU3Rykk79L6fChGjy0kByO4L6OMXnpAOrEWltD0PAONXnowOAeDiira67Kx27jxLiApI3WXARLBKFRmT9k43V3pbgFIBEPQeBJK0S3giGD8GVFC6BZgRDD4jCeh4Ib5EnJ8EoLbVOkkFMgktDFH9jpKfMxROOeuArTWPVdAozPySKd2NuawvrdjuFahLm9FTSgFF3NkMOY8PFb3ZT5GX9IEdJcmkcGoM6qMQoEvI0UoI6GyJ+NQ5FkW9bdx/LpR3QqRDEaeESV8md/KYOQZS0LefAHmCyijP7NSSD8GBKl6TRD7nRXetKmNPLzv8Vh8zg3nEo0mArr8hpq2TgZsgVHOfT2Z6G/QkaYvLKFyczZ94d5QjXWYJTk4Y58+QgiaAuvryURHLwTrtmni/rUpTdo/lUqT9h/B/gHkNcQQ</levelData>
		<relatedgames/>
	</game>
</cartoonnetwork>